[train] blocks: train=3378 val=63 seq_len=256
[train] params=12.3M vocab=32768 fp16=True grad_ckpt=True
[resume] found checkpoint-100 -> auto-resume enabled
[transformers] There were missing keys in the checkpoint model loaded: ['lm_head.weight'].

  0%|          | 0/200 [00:00<?, ?it/s]
 50%|#####     | 101/200 [00:02<00:02, 36.02it/s]
 52%|#####2    | 105/200 [00:10<00:12,  7.60it/s]
 54%|#####3    | 107/200 [00:13<00:17,  5.37it/s]
 54%|#####4    | 108/200 [00:15<00:21,  4.38it/s]
 55%|#####4    | 109/200 [00:17<00:25,  3.51it/s]
 55%|#####5    | 110/200 [00:19<00:32,  2.74it/s]
                                                 

 55%|#####5    | 110/200 [00:19<00:32,  2.74it/s]
 56%|#####5    | 111/200 [00:21<00:43,  2.02it/s]
 56%|#####6    | 112/200 [00:24<00:59,  1.47it/s]
 56%|#####6    | 113/200 [00:26<01:15,  1.16it/s]
 57%|#####6    | 114/200 [00:29<01:30,  1.06s/it]
 57%|#####7    | 115/200 [00:31<01:43,  1.21s/it]
 58%|#####8    | 116/200 [00:33<01:50,  1.32s/it]
 58%|#####8    | 117/200 [00:34<01:59,  1.43s/it]
 59%|#####8    | 118/200 [00:36<02:03,  1.51s/it]
 60%|#####9    | 119/200 [00:39<02:17,  1.70s/it]
 60%|######    | 120/200 [00:41<02:26,  1.84s/it]
                                                 

 60%|######    | 120/200 [00:41<02:26,  1.84s/it]
 60%|######    | 121/200 [00:43<02:26,  1.86s/it]
 61%|######1   | 122/200 [00:45<02:29,  1.92s/it]
 62%|######1   | 123/200 [00:47<02:38,  2.06s/it]
 62%|######2   | 124/200 [00:50<02:48,  2.22s/it]
 62%|######2   | 125/200 [00:52<02:48,  2.24s/it]
 63%|######3   | 126/200 [00:55<02:55,  2.37s/it]
 64%|######3   | 127/200 [00:57<02:54,  2.39s/it]
 64%|######4   | 128/200 [00:59<02:49,  2.36s/it]
 64%|######4   | 129/200 [01:01<02:38,  2.24s/it]
 65%|######5   | 130/200 [01:03<02:31,  2.16s/it]
                                                 

 65%|######5   | 130/200 [01:03<02:31,  2.16s/it]
 66%|######5   | 131/200 [01:05<02:24,  2.09s/it]
 66%|######6   | 132/200 [01:08<02:23,  2.12s/it]
 66%|######6   | 133/200 [01:10<02:26,  2.19s/it]
 67%|######7   | 134/200 [01:12<02:28,  2.25s/it]
 68%|######7   | 135/200 [01:14<02:21,  2.17s/it]
 68%|######8   | 136/200 [01:16<02:18,  2.17s/it]
 68%|######8   | 137/200 [01:19<02:25,  2.31s/it]
 69%|######9   | 138/200 [01:22<02:26,  2.36s/it]
 70%|######9   | 139/200 [01:24<02:23,  2.34s/it]
 70%|#######   | 140/200 [01:26<02:23,  2.39s/it]
                                                 

 70%|#######   | 140/200 [01:26<02:23,  2.39s/it]
 70%|#######   | 141/200 [01:29<02:19,  2.36s/it]
 71%|#######1  | 142/200 [01:31<02:22,  2.46s/it]
 72%|#######1  | 143/200 [01:34<02:16,  2.39s/it]
 72%|#######2  | 144/200 [01:36<02:07,  2.28s/it]
 72%|#######2  | 145/200 [01:38<02:03,  2.25s/it]
 73%|#######3  | 146/200 [01:40<01:54,  2.12s/it]
 74%|#######3  | 147/200 [01:41<01:47,  2.03s/it]
 74%|#######4  | 148/200 [01:43<01:40,  1.93s/it]
 74%|#######4  | 149/200 [01:45<01:43,  2.03s/it]
 75%|#######5  | 150/200 [01:48<01:49,  2.19s/it]
                                                 

 75%|#######5  | 150/200 [01:48<01:49,  2.19s/it]
{'loss': '5.401', 'grad_norm': '1.462', 'learning_rate': '0.0001868', 'epoch': '1.038'}
{'loss': '5.29', 'grad_norm': '0.8964', 'learning_rate': '0.0001541', 'epoch': '1.133'}
{'loss': '5.211', 'grad_norm': '1.004', 'learning_rate': '0.0001227', 'epoch': '1.227'}
{'loss': '5.073', 'grad_norm': '1.622', 'learning_rate': '9.339e-05', 'epoch': '1.322'}
{'loss': '5.026', 'grad_norm': '1.089', 'learning_rate': '6.7e-05', 'epoch': '1.417'}

  0%|          | 0/16 [00:00<?, ?it/s][A

 19%|#8        | 3/16 [00:00<00:00, 28.58it/s][A

 50%|#####     | 8/16 [00:00<00:00, 37.28it/s][A

 81%|########1 | 13/16 [00:00<00:00, 39.76it/s][A
                                                 


                                               
[A
 75%|#######5  | 150/200 [01:48<01:49,  2.19s/it]

100%|##########| 16/16 [00:00<00:00, 39.76it/s][A

{'eval_loss': '4.871', 'eval_runtime': '0.4326', 'eval_samples_per_second': '145.6', 'eval_steps_per_second': '36.98', 'epoch': '1.417'}
                                               [A

Writing model shards:   0%|          | 0/1 [00:00<?, ?it/s][A

Writing model shards: 100%|##########| 1/1 [00:00<00:00,  9.86it/s][A
Writing model shards: 100%|##########| 1/1 [00:00<00:00,  9.81it/s]

 76%|#######5  | 151/200 [01:52<02:15,  2.76s/it]
 76%|#######6  | 152/200 [01:55<02:10,  2.72s/it]
 76%|#######6  | 153/200 [01:57<02:06,  2.70s/it]
 77%|#######7  | 154/200 [02:00<02:02,  2.66s/it]
 78%|#######7  | 155/200 [02:02<01:58,  2.64s/it]
 78%|#######8  | 156/200 [02:05<01:55,  2.62s/it]
 78%|#######8  | 157/200 [02:07<01:48,  2.53s/it]
 79%|#######9  | 158/200 [02:10<01:45,  2.50s/it]
 80%|#######9  | 159/200 [02:13<01:47,  2.61s/it]
 80%|########  | 160/200 [02:15<01:43,  2.60s/it]
                                                 

 80%|########  | 160/200 [02:15<01:43,  2.60s/it]
 80%|########  | 161/200 [02:18<01:38,  2.54s/it]
 81%|########1 | 162/200 [02:21<01:44,  2.76s/it]
 82%|########1 | 163/200 [02:23<01:35,  2.59s/it]
 82%|########2 | 164/200 [02:25<01:26,  2.39s/it]
 82%|########2 | 165/200 [02:27<01:16,  2.20s/it]
 83%|########2 | 166/200 [02:29<01:10,  2.07s/it]
 84%|########3 | 167/200 [02:30<01:04,  1.97s/it]
 84%|########4 | 168/200 [02:32<01:00,  1.88s/it]
 84%|########4 | 169/200 [02:34<00:55,  1.80s/it]
 85%|########5 | 170/200 [02:35<00:53,  1.80s/it]
                                                 

 85%|########5 | 170/200 [02:35<00:53,  1.80s/it]
 86%|########5 | 171/200 [02:37<00:55,  1.90s/it]
 86%|########6 | 172/200 [02:40<00:57,  2.05s/it]
 86%|########6 | 173/200 [02:42<00:58,  2.17s/it]
 87%|########7 | 174/200 [02:45<00:58,  2.26s/it]
 88%|########7 | 175/200 [02:47<00:57,  2.31s/it]
 88%|########8 | 176/200 [02:50<00:55,  2.31s/it]
 88%|########8 | 177/200 [02:52<00:54,  2.38s/it]
 89%|########9 | 178/200 [02:54<00:51,  2.36s/it]
 90%|########9 | 179/200 [02:56<00:46,  2.21s/it]
 90%|######### | 180/200 [02:58<00:44,  2.21s/it]
                                                 

 90%|######### | 180/200 [02:58<00:44,  2.21s/it]
 90%|######### | 181/200 [03:01<00:42,  2.26s/it]
 91%|#########1| 182/200 [03:03<00:39,  2.21s/it]
 92%|#########1| 183/200 [03:05<00:37,  2.21s/it]
 92%|#########2| 184/200 [03:07<00:35,  2.23s/it]
 92%|#########2| 185/200 [03:10<00:33,  2.22s/it]
 93%|#########3| 186/200 [03:13<00:34,  2.45s/it]
 94%|#########3| 187/200 [03:15<00:32,  2.53s/it]
 94%|#########3| 188/200 [03:18<00:31,  2.60s/it]
 94%|#########4| 189/200 [03:20<00:26,  2.41s/it]
 95%|#########5| 190/200 [03:22<00:23,  2.32s/it]
                                                 

 95%|#########5| 190/200 [03:22<00:23,  2.32s/it]
 96%|#########5| 191/200 [03:24<00:20,  2.28s/it]
 96%|#########6| 192/200 [03:27<00:18,  2.25s/it]
 96%|#########6| 193/200 [03:29<00:15,  2.24s/it]
 97%|#########7| 194/200 [03:31<00:12,  2.12s/it]
 98%|#########7| 195/200 [03:32<00:10,  2.02s/it]
 98%|#########8| 196/200 [03:34<00:08,  2.01s/it]
 98%|#########8| 197/200 [03:37<00:06,  2.13s/it]
 99%|#########9| 198/200 [03:39<00:04,  2.17s/it]
100%|#########9| 199/200 [03:41<00:02,  2.21s/it]
100%|##########| 200/200 [03:43<00:00,  2.18s/it]
                                                 

{'loss': '5.007', 'grad_norm': '1.036', 'learning_rate': '4.422e-05', 'epoch': '1.512'}
100%|##########| 200/200 [03:43<00:00,  2.18s/it]
{'loss': '4.986', 'grad_norm': '0.9827', 'learning_rate': '2.57e-05', 'epoch': '1.606'}
{'loss': '5.019', 'grad_norm': '1.096', 'learning_rate': '1.194e-05', 'epoch': '1.701'}
{'loss': '4.974', 'grad_norm': '0.8381', 'learning_rate': '3.299e-06', 'epoch': '1.796'}
{'loss': '4.952', 'grad_norm': '0.8362', 'learning_rate': '2.734e-08', 'epoch': '1.89'}

  0%|          | 0/16 [00:00<?, ?it/s][A

 31%|###1      | 5/16 [00:00<00:00, 47.21it/s][A

 62%|######2   | 10/16 [00:00<00:00, 34.79it/s][A

100%|##########| 16/16 [00:00<00:00, 42.76it/s][A
                                                 


                                               
[A
100%|##########| 200/200 [03:44<00:00,  2.18s/it]

100%|##########| 16/16 [00:00<00:00, 42.76it/s][A

{'eval_loss': '4.793', 'eval_runtime': '0.4005', 'eval_samples_per_second': '157.3', 'eval_steps_per_second': '39.95', 'epoch': '1.89'}
                                               [A

Writing model shards:   0%|          | 0/1 [00:00<?, ?it/s][A
Writing model shards: 100%|##########| 1/1 [00:00<00:00, 14.16it/s]

                                                 

100%|##########| 200/200 [03:44<00:00,  2.18s/it][transformers] There were missing keys in the checkpoint model loaded: ['lm_head.weight'].

100%|##########| 200/200 [03:44<00:00,  1.12s/it]
{'train_runtime': '224.7', 'train_samples_per_second': '28.49', 'train_steps_per_second': '0.89', 'train_loss': '2.547', 'epoch': '1.89'}

Writing model shards:   0%|          | 0/1 [00:00<?, ?it/s]
Writing model shards: 100%|##########| 1/1 [00:00<00:00, 14.27it/s]

  0%|          | 0/16 [00:00<?, ?it/s]
 44%|####3     | 7/16 [00:00<00:00, 60.39it/s]
 88%|########7 | 14/16 [00:00<00:00, 57.83it/s]
100%|##########| 16/16 [00:00<00:00, 57.90it/s]
[final] summary: {"phase": "smoke", "params_m": 12.32, "best_eval_loss": 4.792643070220947, "best_checkpoint": "E:\\python projects\\nano_SLMs\\runs\\smoke\\checkpoint-200", "final_eval": {"eval_loss": 4.792643070220947, "eval_runtime": 0.292, "eval_samples_per_second": 215.734, "eval_steps_per_second": 54.79, "epoch": 1.8904677323860273}, "resumed_from": "checkpoint-100"}
