[train] blocks: train=40907 val=846 seq_len=512
[train] params=100.7M vocab=32768 fp16=True grad_ckpt=True
[resume] found checkpoint-1000 -> auto-resume enabled
[transformers] There were missing keys in the checkpoint model loaded: ['lm_head.weight'].

  0%|          | 0/3000 [00:00<?, ?it/s]
 33%|###3      | 1001/3000 [00:04<00:09, 216.62it/s]
 33%|###3      | 1004/3000 [00:20<00:09, 216.62it/s]
 34%|###3      | 1005/3000 [00:22<01:00, 33.09it/s] 
 34%|###3      | 1006/3000 [00:28<01:21, 24.34it/s]
 34%|###3      | 1007/3000 [00:40<01:21, 24.34it/s]
 34%|###3      | 1008/3000 [00:42<02:44, 12.12it/s]
 34%|###3      | 1009/3000 [00:50<03:46,  8.79it/s]
 34%|###3      | 1011/3000 [01:10<03:46,  8.79it/s]
 34%|###3      | 1012/3000 [01:10<07:33,  4.39it/s]
 34%|###3      | 1013/3000 [01:14<08:37,  3.84it/s]
 34%|###3      | 1016/3000 [01:27<12:58,  2.55it/s]
 34%|###3      | 1017/3000 [01:31<14:54,  2.22it/s]
 34%|###3      | 1019/3000 [01:39<20:13,  1.63it/s]
 34%|###4      | 1021/3000 [01:49<28:28,  1.16it/s]
 34%|###4      | 1022/3000 [01:53<32:49,  1.00it/s]
 34%|###4      | 1023/3000 [01:57<38:21,  1.16s/it]
 34%|###4      | 1024/3000 [02:02<45:46,  1.39s/it]
