[train] blocks: train=40907 val=846 seq_len=512
[train] params=100.7M vocab=32768 fp16=True grad_ckpt=True

  0%|          | 0/3000 [00:00<?, ?it/s]
  0%|          | 1/3000 [00:05<4:15:35,  5.11s/it]
  0%|          | 2/3000 [00:09<4:02:36,  4.86s/it]
  0%|          | 3/3000 [00:13<3:42:29,  4.45s/it]
  0%|          | 4/3000 [00:17<3:33:20,  4.27s/it]
  0%|          | 5/3000 [00:22<3:36:36,  4.34s/it]
  0%|          | 6/3000 [00:27<3:47:01,  4.55s/it]
  0%|          | 7/3000 [00:32<3:52:10,  4.65s/it]
  0%|          | 8/3000 [00:36<3:55:43,  4.73s/it]
  0%|          | 9/3000 [00:42<4:02:40,  4.87s/it]
  0%|          | 10/3000 [00:46<3:59:35,  4.81s/it]
  0%|          | 11/3000 [00:51<3:50:56,  4.64s/it]
  0%|          | 12/3000 [00:55<3:51:16,  4.64s/it]
  0%|          | 13/3000 [00:59<3:45:44,  4.53s/it]
  0%|          | 14/3000 [01:03<3:36:43,  4.35s/it]
  0%|          | 15/3000 [01:08<3:40:20,  4.43s/it]
  1%|          | 16/3000 [01:13<3:42:38,  4.48s/it]
  1%|          | 17/3000 [01:17<3:35:24,  4.33s/it]
  1%|          | 18/3000 [01:21<3:30:09,  4.23s/it]
  1%|          | 19/3000 [01:25<3:25:32,  4.14s/it]
  1%|          | 20/3000 [01:29<3:23:45,  4.10s/it]
  1%|          | 21/3000 [01:33<3:25:17,  4.13s/it]
  1%|          | 22/3000 [01:37<3:31:11,  4.26s/it]
  1%|          | 23/3000 [01:42<3:33:05,  4.29s/it]
  1%|          | 24/3000 [01:46<3:30:28,  4.24s/it]
  1%|          | 25/3000 [01:50<3:31:48,  4.27s/it]
  1%|          | 26/3000 [01:54<3:30:01,  4.24s/it]
  1%|          | 27/3000 [01:58<3:28:24,  4.21s/it]
  1%|          | 28/3000 [02:03<3:28:23,  4.21s/it]
  1%|          | 29/3000 [02:07<3:30:21,  4.25s/it]
  1%|1         | 30/3000 [02:11<3:32:54,  4.30s/it]
  1%|1         | 31/3000 [02:16<3:30:16,  4.25s/it]
  1%|1         | 32/3000 [02:20<3:30:45,  4.26s/it]
  1%|1         | 33/3000 [02:24<3:29:33,  4.24s/it]
  1%|1         | 34/3000 [02:28<3:27:17,  4.19s/it]
  1%|1         | 35/3000 [02:32<3:26:36,  4.18s/it]
  1%|1         | 36/3000 [02:37<3:32:18,  4.30s/it]
  1%|1         | 37/3000 [02:42<3:42:45,  4.51s/it]
  1%|1         | 38/3000 [02:46<3:37:56,  4.41s/it]
  1%|1         | 39/3000 [02:50<3:36:56,  4.40s/it]
  1%|1         | 40/3000 [02:55<3:37:03,  4.40s/it]
  1%|1         | 41/3000 [02:59<3:33:47,  4.33s/it]
  1%|1         | 42/3000 [03:03<3:30:02,  4.26s/it]
  1%|1         | 43/3000 [03:08<3:33:52,  4.34s/it]
  1%|1         | 44/3000 [03:13<3:45:11,  4.57s/it]
  2%|1         | 45/3000 [03:18<3:54:54,  4.77s/it]
  2%|1         | 46/3000 [03:23<3:56:06,  4.80s/it]
  2%|1         | 47/3000 [03:28<3:58:27,  4.84s/it]
  2%|1         | 48/3000 [03:33<4:01:12,  4.90s/it]
  2%|1         | 49/3000 [03:38<4:08:35,  5.05s/it]
  2%|1         | 50/3000 [03:43<4:12:22,  5.13s/it]
                                                   

  2%|1         | 50/3000 [03:44<4:12:22,  5.13s/it]
  2%|1         | 51/3000 [03:49<4:16:42,  5.22s/it]
  2%|1         | 52/3000 [03:55<4:22:06,  5.33s/it]
  2%|1         | 53/3000 [04:00<4:19:42,  5.29s/it]
  2%|1         | 54/3000 [04:05<4:20:08,  5.30s/it]
  2%|1         | 55/3000 [04:11<4:25:04,  5.40s/it]
  2%|1         | 56/3000 [04:16<4:27:37,  5.45s/it]
  2%|1         | 57/3000 [04:22<4:28:18,  5.47s/it]
  2%|1         | 58/3000 [04:27<4:25:48,  5.42s/it]
  2%|1         | 59/3000 [04:32<4:25:43,  5.42s/it]
  2%|2         | 60/3000 [04:38<4:23:38,  5.38s/it]
  2%|2         | 61/3000 [04:43<4:22:00,  5.35s/it]
  2%|2         | 62/3000 [04:48<4:23:11,  5.38s/it]
  2%|2         | 63/3000 [04:53<4:09:40,  5.10s/it]
  2%|2         | 64/3000 [04:58<4:08:33,  5.08s/it]
  2%|2         | 65/3000 [05:03<4:06:07,  5.03s/it]
  2%|2         | 66/3000 [05:08<4:08:45,  5.09s/it]
  2%|2         | 67/3000 [05:13<4:12:58,  5.18s/it]
  2%|2         | 68/3000 [05:19<4:20:31,  5.33s/it]
  2%|2         | 69/3000 [05:24<4:15:10,  5.22s/it]
  2%|2         | 70/3000 [05:29<4:07:55,  5.08s/it]
  2%|2         | 71/3000 [05:34<4:03:31,  4.99s/it]
  2%|2         | 72/3000 [05:38<3:55:07,  4.82s/it]
  2%|2         | 73/3000 [05:42<3:48:23,  4.68s/it]
  2%|2         | 74/3000 [05:48<3:56:41,  4.85s/it]
  2%|2         | 75/3000 [05:53<3:57:08,  4.86s/it]
  3%|2         | 76/3000 [05:57<3:57:09,  4.87s/it]
  3%|2         | 77/3000 [06:02<3:50:35,  4.73s/it]
  3%|2         | 78/3000 [06:06<3:47:43,  4.68s/it]
  3%|2         | 79/3000 [06:12<3:57:54,  4.89s/it]
  3%|2         | 80/3000 [06:17<4:03:53,  5.01s/it]
  3%|2         | 81/3000 [06:23<4:15:56,  5.26s/it]
  3%|2         | 82/3000 [06:28<4:13:40,  5.22s/it]
  3%|2         | 83/3000 [06:33<4:09:02,  5.12s/it]
  3%|2         | 84/3000 [06:38<4:05:43,  5.06s/it]
  3%|2         | 85/3000 [06:42<3:58:48,  4.92s/it]
  3%|2         | 86/3000 [06:48<4:01:53,  4.98s/it]
  3%|2         | 87/3000 [06:53<4:08:33,  5.12s/it]
  3%|2         | 88/3000 [07:01<4:48:59,  5.95s/it]
  3%|2         | 89/3000 [07:07<4:44:25,  5.86s/it]
  3%|3         | 90/3000 [07:12<4:30:50,  5.58s/it]
  3%|3         | 91/3000 [07:17<4:34:25,  5.66s/it]
  3%|3         | 92/3000 [07:23<4:40:33,  5.79s/it]
  3%|3         | 93/3000 [07:29<4:34:35,  5.67s/it]
  3%|3         | 94/3000 [07:34<4:22:01,  5.41s/it]
  3%|3         | 95/3000 [07:39<4:16:57,  5.31s/it]
  3%|3         | 96/3000 [07:43<4:07:05,  5.11s/it]
  3%|3         | 97/3000 [07:49<4:14:37,  5.26s/it]
  3%|3         | 98/3000 [07:54<4:08:57,  5.15s/it]
  3%|3         | 99/3000 [07:59<4:14:55,  5.27s/it]
  3%|3         | 100/3000 [08:05<4:22:36,  5.43s/it]
                                                    

  3%|3         | 100/3000 [08:05<4:22:36,  5.43s/it]
  3%|3         | 101/3000 [08:11<4:23:15,  5.45s/it]
  3%|3         | 102/3000 [08:16<4:15:44,  5.29s/it]
  3%|3         | 103/3000 [08:21<4:16:20,  5.31s/it]
  3%|3         | 104/3000 [08:26<4:08:41,  5.15s/it]
  4%|3         | 105/3000 [08:31<4:09:05,  5.16s/it]
  4%|3         | 106/3000 [08:36<4:05:04,  5.08s/it]
  4%|3         | 107/3000 [08:41<4:02:56,  5.04s/it]
  4%|3         | 108/3000 [08:46<4:07:14,  5.13s/it]
  4%|3         | 109/3000 [08:53<4:31:49,  5.64s/it]
  4%|3         | 110/3000 [08:58<4:23:59,  5.48s/it]
  4%|3         | 111/3000 [09:03<4:20:24,  5.41s/it]
  4%|3         | 112/3000 [09:09<4:28:49,  5.59s/it]
  4%|3         | 113/3000 [09:15<4:23:54,  5.48s/it]
  4%|3         | 114/3000 [09:20<4:24:42,  5.50s/it]
  4%|3         | 115/3000 [09:25<4:20:21,  5.41s/it]
  4%|3         | 116/3000 [09:31<4:21:26,  5.44s/it]
  4%|3         | 117/3000 [09:37<4:29:07,  5.60s/it]
  4%|3         | 118/3000 [09:43<4:30:53,  5.64s/it]
  4%|3         | 119/3000 [09:49<4:38:30,  5.80s/it]
  4%|4         | 120/3000 [09:55<4:42:18,  5.88s/it]
  4%|4         | 121/3000 [10:02<4:57:57,  6.21s/it]
  4%|4         | 122/3000 [10:10<5:23:21,  6.74s/it]
  4%|4         | 123/3000 [10:17<5:31:09,  6.91s/it]
  4%|4         | 124/3000 [10:24<5:39:03,  7.07s/it]
  4%|4         | 125/3000 [10:32<5:41:25,  7.13s/it]
  4%|4         | 126/3000 [10:38<5:36:25,  7.02s/it]
  4%|4         | 127/3000 [10:43<5:01:57,  6.31s/it]
  4%|4         | 128/3000 [10:48<4:47:10,  6.00s/it]
  4%|4         | 129/3000 [10:54<4:39:54,  5.85s/it]
  4%|4         | 130/3000 [11:01<4:50:42,  6.08s/it]
  4%|4         | 131/3000 [11:08<5:16:52,  6.63s/it]
  4%|4         | 132/3000 [11:15<5:15:05,  6.59s/it]
  4%|4         | 133/3000 [11:23<5:29:37,  6.90s/it]
  4%|4         | 134/3000 [11:39<7:40:41,  9.64s/it]
  4%|4         | 135/3000 [11:47<7:24:48,  9.32s/it]
  5%|4         | 136/3000 [11:55<7:06:29,  8.94s/it]
  5%|4         | 137/3000 [12:02<6:37:31,  8.33s/it]
  5%|4         | 138/3000 [12:10<6:33:00,  8.24s/it]
  5%|4         | 139/3000 [12:22<7:22:16,  9.28s/it]
  5%|4         | 140/3000 [12:32<7:32:12,  9.49s/it]
  5%|4         | 141/3000 [12:41<7:32:56,  9.51s/it]
  5%|4         | 142/3000 [12:48<6:51:13,  8.63s/it]
  5%|4         | 143/3000 [12:54<6:08:48,  7.75s/it]
  5%|4         | 144/3000 [12:58<5:26:50,  6.87s/it]
  5%|4         | 145/3000 [13:03<4:57:45,  6.26s/it]
  5%|4         | 146/3000 [13:08<4:37:12,  5.83s/it]
  5%|4         | 147/3000 [13:13<4:24:35,  5.56s/it]
  5%|4         | 148/3000 [13:19<4:26:03,  5.60s/it]
  5%|4         | 149/3000 [13:26<4:49:07,  6.08s/it]
  5%|5         | 150/3000 [13:34<5:10:19,  6.53s/it]
                                                    

  5%|5         | 150/3000 [13:34<5:10:19,  6.53s/it]
  5%|5         | 151/3000 [13:41<5:25:47,  6.86s/it]
  5%|5         | 152/3000 [13:51<6:11:04,  7.82s/it]
  5%|5         | 153/3000 [14:01<6:37:20,  8.37s/it]
  5%|5         | 154/3000 [14:07<6:04:02,  7.67s/it]
  5%|5         | 155/3000 [14:12<5:28:03,  6.92s/it]
  5%|5         | 156/3000 [14:21<5:59:04,  7.58s/it]
  5%|5         | 157/3000 [14:29<5:57:12,  7.54s/it]
  5%|5         | 158/3000 [14:35<5:34:43,  7.07s/it]
  5%|5         | 159/3000 [14:40<5:13:28,  6.62s/it]
  5%|5         | 160/3000 [14:45<4:50:01,  6.13s/it]
  5%|5         | 161/3000 [14:51<4:48:20,  6.09s/it]
  5%|5         | 162/3000 [14:57<4:45:28,  6.04s/it]
  5%|5         | 163/3000 [15:03<4:37:15,  5.86s/it]
  5%|5         | 164/3000 [15:08<4:31:46,  5.75s/it]
  6%|5         | 165/3000 [15:13<4:23:53,  5.58s/it]
  6%|5         | 166/3000 [15:19<4:25:48,  5.63s/it]
  6%|5         | 167/3000 [15:25<4:26:13,  5.64s/it]
  6%|5         | 168/3000 [15:31<4:30:53,  5.74s/it]
  6%|5         | 169/3000 [15:38<4:49:44,  6.14s/it]
  6%|5         | 170/3000 [15:44<4:58:28,  6.33s/it]
  6%|5         | 171/3000 [15:49<4:40:00,  5.94s/it]
  6%|5         | 172/3000 [15:55<4:31:32,  5.76s/it]
  6%|5         | 173/3000 [16:00<4:22:27,  5.57s/it]
  6%|5         | 174/3000 [16:05<4:11:33,  5.34s/it]
  6%|5         | 175/3000 [16:11<4:17:38,  5.47s/it]
  6%|5         | 176/3000 [16:17<4:30:07,  5.74s/it]
  6%|5         | 177/3000 [16:22<4:23:14,  5.60s/it]
  6%|5         | 178/3000 [16:27<4:11:14,  5.34s/it]
  6%|5         | 179/3000 [16:32<4:12:33,  5.37s/it]
  6%|6         | 180/3000 [16:38<4:14:18,  5.41s/it]
  6%|6         | 181/3000 [16:44<4:20:58,  5.55s/it]
  6%|6         | 182/3000 [16:50<4:29:00,  5.73s/it]
  6%|6         | 183/3000 [16:55<4:23:41,  5.62s/it]
  6%|6         | 184/3000 [17:02<4:35:58,  5.88s/it]
  6%|6         | 185/3000 [17:09<4:52:53,  6.24s/it]
  6%|6         | 186/3000 [17:14<4:37:49,  5.92s/it]
  6%|6         | 187/3000 [17:19<4:28:46,  5.73s/it]
  6%|6         | 188/3000 [17:24<4:16:35,  5.47s/it]
  6%|6         | 189/3000 [17:29<4:13:43,  5.42s/it]
  6%|6         | 190/3000 [17:35<4:13:35,  5.41s/it]
  6%|6         | 191/3000 [17:40<4:09:18,  5.33s/it]
  6%|6         | 192/3000 [17:45<4:11:58,  5.38s/it]
  6%|6         | 193/3000 [17:51<4:11:33,  5.38s/it]
  6%|6         | 194/3000 [17:56<4:03:41,  5.21s/it]
  6%|6         | 195/3000 [18:01<4:01:09,  5.16s/it]
  7%|6         | 196/3000 [18:06<4:03:56,  5.22s/it]
  7%|6         | 197/3000 [18:13<4:31:39,  5.81s/it]
  7%|6         | 198/3000 [18:23<5:32:40,  7.12s/it]
  7%|6         | 199/3000 [18:36<6:42:10,  8.62s/it]
  7%|6         | 200/3000 [18:47<7:17:22,  9.37s/it]
                                                    

  7%|6         | 200/3000 [18:47<7:17:22,  9.37s/it]
  7%|6         | 201/3000 [18:56<7:14:28,  9.31s/it]
  7%|6         | 202/3000 [19:05<7:14:50,  9.32s/it]
  7%|6         | 203/3000 [19:12<6:43:05,  8.65s/it]
  7%|6         | 204/3000 [19:18<6:00:46,  7.74s/it]
  7%|6         | 205/3000 [19:24<5:35:17,  7.20s/it]
  7%|6         | 206/3000 [19:29<5:02:19,  6.49s/it]
  7%|6         | 207/3000 [19:34<4:43:08,  6.08s/it]
  7%|6         | 208/3000 [19:39<4:27:59,  5.76s/it]
  7%|6         | 209/3000 [19:44<4:18:41,  5.56s/it]
  7%|7         | 210/3000 [19:49<4:13:16,  5.45s/it]
  7%|7         | 211/3000 [19:55<4:14:04,  5.47s/it]
  7%|7         | 212/3000 [19:59<4:04:05,  5.25s/it]
  7%|7         | 213/3000 [20:04<3:59:30,  5.16s/it]
  7%|7         | 214/3000 [20:10<4:09:54,  5.38s/it]
  7%|7         | 215/3000 [20:16<4:18:20,  5.57s/it]
  7%|7         | 216/3000 [20:23<4:35:12,  5.93s/it]
  7%|7         | 217/3000 [20:31<5:10:02,  6.68s/it]
  7%|7         | 218/3000 [20:40<5:32:13,  7.17s/it]
  7%|7         | 219/3000 [20:47<5:30:51,  7.14s/it]
  7%|7         | 220/3000 [20:55<5:39:41,  7.33s/it]
  7%|7         | 221/3000 [21:01<5:26:27,  7.05s/it]
  7%|7         | 222/3000 [21:05<4:51:20,  6.29s/it]
  7%|7         | 223/3000 [21:10<4:26:05,  5.75s/it]
  7%|7         | 224/3000 [21:15<4:10:47,  5.42s/it]
  8%|7         | 225/3000 [21:20<4:11:50,  5.45s/it]
  8%|7         | 226/3000 [21:27<4:25:34,  5.74s/it]
  8%|7         | 227/3000 [21:32<4:17:38,  5.57s/it]
  8%|7         | 228/3000 [21:36<4:04:22,  5.29s/it]
  8%|7         | 229/3000 [21:41<3:55:45,  5.10s/it]
  8%|7         | 230/3000 [21:47<4:12:06,  5.46s/it]
  8%|7         | 231/3000 [21:54<4:24:01,  5.72s/it]
  8%|7         | 232/3000 [21:59<4:17:21,  5.58s/it]
  8%|7         | 233/3000 [22:04<4:08:52,  5.40s/it]
  8%|7         | 234/3000 [22:09<4:11:34,  5.46s/it]
  8%|7         | 235/3000 [22:15<4:11:50,  5.46s/it]
  8%|7         | 236/3000 [22:22<4:33:47,  5.94s/it]
  8%|7         | 237/3000 [22:28<4:27:57,  5.82s/it]
  8%|7         | 238/3000 [22:33<4:21:09,  5.67s/it]
  8%|7         | 239/3000 [22:38<4:12:52,  5.50s/it]
  8%|8         | 240/3000 [22:43<4:03:19,  5.29s/it]
  8%|8         | 241/3000 [22:48<4:05:26,  5.34s/it]
  8%|8         | 242/3000 [22:55<4:19:13,  5.64s/it]
  8%|8         | 243/3000 [22:59<4:04:00,  5.31s/it]
  8%|8         | 244/3000 [23:04<4:02:46,  5.29s/it]
  8%|8         | 245/3000 [23:10<4:12:06,  5.49s/it]
  8%|8         | 246/3000 [23:17<4:25:28,  5.78s/it]
  8%|8         | 247/3000 [23:24<4:39:52,  6.10s/it]
  8%|8         | 248/3000 [23:30<4:37:16,  6.05s/it]
  8%|8         | 249/3000 [23:35<4:25:23,  5.79s/it]
  8%|8         | 250/3000 [23:39<4:08:11,  5.42s/it]
                                                    

  8%|8         | 250/3000 [23:39<4:08:11,  5.42s/it]
  8%|8         | 251/3000 [23:44<4:02:32,  5.29s/it]
  8%|8         | 252/3000 [23:49<4:00:31,  5.25s/it]
  8%|8         | 253/3000 [23:55<4:08:31,  5.43s/it]
  8%|8         | 254/3000 [24:00<4:03:35,  5.32s/it]
  8%|8         | 255/3000 [24:05<3:55:09,  5.14s/it]
  9%|8         | 256/3000 [24:09<3:44:19,  4.91s/it]
  9%|8         | 257/3000 [24:15<3:55:40,  5.16s/it]
  9%|8         | 258/3000 [24:21<4:03:23,  5.33s/it]
  9%|8         | 259/3000 [24:25<3:53:05,  5.10s/it]
  9%|8         | 260/3000 [24:31<3:53:33,  5.11s/it]
  9%|8         | 261/3000 [24:35<3:49:19,  5.02s/it]
  9%|8         | 262/3000 [24:40<3:49:58,  5.04s/it]
  9%|8         | 263/3000 [24:46<3:54:45,  5.15s/it]
  9%|8         | 264/3000 [24:52<4:01:24,  5.29s/it]
  9%|8         | 265/3000 [24:58<4:17:17,  5.64s/it]
  9%|8         | 266/3000 [25:05<4:32:28,  5.98s/it]
  9%|8         | 267/3000 [25:10<4:27:32,  5.87s/it]
  9%|8         | 268/3000 [25:15<4:14:03,  5.58s/it]
  9%|8         | 269/3000 [25:22<4:30:25,  5.94s/it]
  9%|9         | 270/3000 [25:27<4:20:44,  5.73s/it]
  9%|9         | 271/3000 [25:32<4:12:48,  5.56s/it]
  9%|9         | 272/3000 [25:38<4:14:37,  5.60s/it]
  9%|9         | 273/3000 [25:43<3:58:16,  5.24s/it]
  9%|9         | 274/3000 [25:47<3:47:51,  5.02s/it]
  9%|9         | 275/3000 [25:52<3:47:22,  5.01s/it]
  9%|9         | 276/3000 [25:57<3:50:25,  5.08s/it]
  9%|9         | 277/3000 [26:03<4:06:04,  5.42s/it]
  9%|9         | 278/3000 [26:10<4:19:09,  5.71s/it]
  9%|9         | 279/3000 [26:16<4:22:31,  5.79s/it]
  9%|9         | 280/3000 [26:24<4:56:33,  6.54s/it]
  9%|9         | 281/3000 [26:31<5:01:16,  6.65s/it]
  9%|9         | 282/3000 [26:36<4:39:48,  6.18s/it]
  9%|9         | 283/3000 [26:41<4:25:06,  5.85s/it]
  9%|9         | 284/3000 [26:46<4:12:53,  5.59s/it]
 10%|9         | 285/3000 [26:51<4:03:50,  5.39s/it]
 10%|9         | 286/3000 [26:57<4:07:32,  5.47s/it]
 10%|9         | 287/3000 [27:03<4:11:53,  5.57s/it]
 10%|9         | 288/3000 [27:08<4:13:48,  5.62s/it]
 10%|9         | 289/3000 [27:15<4:26:53,  5.91s/it]
 10%|9         | 290/3000 [27:21<4:34:17,  6.07s/it]
 10%|9         | 291/3000 [27:29<4:52:38,  6.48s/it]
 10%|9         | 292/3000 [27:36<4:59:50,  6.64s/it]
 10%|9         | 293/3000 [27:42<4:54:05,  6.52s/it]
 10%|9         | 294/3000 [27:48<4:44:10,  6.30s/it]
 10%|9         | 295/3000 [27:53<4:31:12,  6.02s/it]
 10%|9         | 296/3000 [27:59<4:24:51,  5.88s/it]
 10%|9         | 297/3000 [28:06<4:38:19,  6.18s/it]
 10%|9         | 298/3000 [28:11<4:21:28,  5.81s/it]
 10%|9         | 299/3000 [28:15<4:03:25,  5.41s/it]
 10%|#         | 300/3000 [28:19<3:49:17,  5.10s/it]
                                                    

 10%|#         | 300/3000 [28:19<3:49:17,  5.10s/it]
 10%|#         | 301/3000 [28:24<3:40:04,  4.89s/it]
 10%|#         | 302/3000 [28:29<3:42:27,  4.95s/it]
 10%|#         | 303/3000 [28:34<3:38:39,  4.86s/it]
 10%|#         | 304/3000 [28:38<3:32:45,  4.73s/it]
 10%|#         | 305/3000 [28:43<3:36:08,  4.81s/it]
 10%|#         | 306/3000 [28:48<3:37:26,  4.84s/it]
 10%|#         | 307/3000 [28:53<3:38:08,  4.86s/it]
 10%|#         | 308/3000 [28:59<4:02:26,  5.40s/it]
 10%|#         | 309/3000 [29:05<4:08:25,  5.54s/it]
 10%|#         | 310/3000 [29:11<4:04:10,  5.45s/it]
 10%|#         | 311/3000 [29:16<4:04:42,  5.46s/it]
 10%|#         | 312/3000 [29:21<3:57:04,  5.29s/it]
 10%|#         | 313/3000 [29:26<4:00:37,  5.37s/it]
 10%|#         | 314/3000 [29:32<4:07:03,  5.52s/it]
 10%|#         | 315/3000 [29:38<4:08:03,  5.54s/it]
 11%|#         | 316/3000 [29:43<4:07:20,  5.53s/it]
 11%|#         | 317/3000 [29:50<4:15:14,  5.71s/it]
 11%|#         | 318/3000 [29:55<4:12:11,  5.64s/it]
 11%|#         | 319/3000 [30:00<4:08:24,  5.56s/it]
 11%|#         | 320/3000 [30:06<4:04:19,  5.47s/it]
 11%|#         | 321/3000 [30:11<4:02:27,  5.43s/it]
 11%|#         | 322/3000 [30:16<4:02:14,  5.43s/it]
 11%|#         | 323/3000 [30:22<4:01:53,  5.42s/it]
 11%|#         | 324/3000 [30:28<4:08:58,  5.58s/it]
 11%|#         | 325/3000 [30:35<4:35:27,  6.18s/it]
 11%|#         | 326/3000 [30:41<4:30:38,  6.07s/it]
 11%|#         | 327/3000 [30:48<4:39:51,  6.28s/it]
 11%|#         | 328/3000 [30:55<4:45:28,  6.41s/it]
 11%|#         | 329/3000 [31:02<4:58:01,  6.69s/it]
 11%|#1        | 330/3000 [31:11<5:27:50,  7.37s/it]
 11%|#1        | 331/3000 [31:19<5:39:28,  7.63s/it]
 11%|#1        | 332/3000 [31:30<6:18:16,  8.51s/it]
 11%|#1        | 333/3000 [31:39<6:33:59,  8.86s/it]
 11%|#1        | 334/3000 [31:48<6:31:30,  8.81s/it]
 11%|#1        | 335/3000 [31:57<6:28:26,  8.75s/it]
 11%|#1        | 336/3000 [32:06<6:33:18,  8.86s/it]
 11%|#1        | 337/3000 [32:14<6:21:56,  8.61s/it]
 11%|#1        | 338/3000 [32:22<6:09:30,  8.33s/it]
 11%|#1        | 339/3000 [32:29<6:03:09,  8.19s/it]
 11%|#1        | 340/3000 [32:37<5:59:24,  8.11s/it]
 11%|#1        | 341/3000 [32:45<5:50:43,  7.91s/it]
 11%|#1        | 342/3000 [32:52<5:45:20,  7.80s/it]
 11%|#1        | 343/3000 [33:00<5:42:15,  7.73s/it]
 11%|#1        | 344/3000 [33:08<5:41:01,  7.70s/it]
 12%|#1        | 345/3000 [33:15<5:37:45,  7.63s/it]
 12%|#1        | 346/3000 [33:23<5:37:10,  7.62s/it]
 12%|#1        | 347/3000 [33:30<5:37:44,  7.64s/it]
 12%|#1        | 348/3000 [33:38<5:38:19,  7.65s/it]
 12%|#1        | 349/3000 [33:46<5:40:25,  7.70s/it]
 12%|#1        | 350/3000 [33:54<5:40:21,  7.71s/it]
                                                    

 12%|#1        | 350/3000 [33:54<5:40:21,  7.71s/it]
 12%|#1        | 351/3000 [33:59<5:09:35,  7.01s/it]
 12%|#1        | 352/3000 [34:05<4:56:22,  6.72s/it]
 12%|#1        | 353/3000 [34:13<5:08:32,  6.99s/it]
 12%|#1        | 354/3000 [34:20<5:19:25,  7.24s/it]
 12%|#1        | 355/3000 [34:28<5:27:18,  7.42s/it]
 12%|#1        | 356/3000 [34:37<5:39:34,  7.71s/it]
 12%|#1        | 357/3000 [34:44<5:38:09,  7.68s/it]
 12%|#1        | 358/3000 [34:52<5:34:49,  7.60s/it]
 12%|#1        | 359/3000 [34:59<5:35:20,  7.62s/it]
 12%|#2        | 360/3000 [35:07<5:35:41,  7.63s/it]
 12%|#2        | 361/3000 [35:14<5:33:07,  7.57s/it]
 12%|#2        | 362/3000 [35:22<5:34:44,  7.61s/it]
 12%|#2        | 363/3000 [35:30<5:40:03,  7.74s/it]
 12%|#2        | 364/3000 [35:39<5:57:52,  8.15s/it]
 12%|#2        | 365/3000 [35:47<5:54:54,  8.08s/it]
 12%|#2        | 366/3000 [35:55<5:49:14,  7.96s/it]
 12%|#2        | 367/3000 [36:03<5:46:07,  7.89s/it]
 12%|#2        | 368/3000 [36:14<6:32:44,  8.95s/it]
 12%|#2        | 369/3000 [36:25<7:04:07,  9.67s/it]
 12%|#2        | 370/3000 [36:37<7:24:15, 10.14s/it]
 12%|#2        | 371/3000 [36:49<7:57:45, 10.90s/it]
 12%|#2        | 372/3000 [36:59<7:38:13, 10.46s/it]
 12%|#2        | 373/3000 [37:10<7:43:49, 10.59s/it]
 12%|#2        | 374/3000 [37:20<7:40:34, 10.52s/it]
 12%|#2        | 375/3000 [37:29<7:16:50,  9.98s/it]
 13%|#2        | 376/3000 [37:38<7:02:17,  9.66s/it]
 13%|#2        | 377/3000 [37:47<6:53:22,  9.46s/it]
 13%|#2        | 378/3000 [37:56<6:49:05,  9.36s/it]
 13%|#2        | 379/3000 [38:04<6:41:19,  9.19s/it]
 13%|#2        | 380/3000 [38:11<6:12:20,  8.53s/it]
 13%|#2        | 381/3000 [38:17<5:34:29,  7.66s/it]
 13%|#2        | 382/3000 [38:23<5:13:52,  7.19s/it]
 13%|#2        | 383/3000 [38:29<5:01:30,  6.91s/it]
 13%|#2        | 384/3000 [38:36<4:51:53,  6.69s/it]
 13%|#2        | 385/3000 [38:42<4:45:23,  6.55s/it]
 13%|#2        | 386/3000 [38:47<4:25:01,  6.08s/it]
 13%|#2        | 387/3000 [38:52<4:06:20,  5.66s/it]
 13%|#2        | 388/3000 [38:56<3:54:02,  5.38s/it]
 13%|#2        | 389/3000 [39:02<3:53:49,  5.37s/it]
 13%|#3        | 390/3000 [39:06<3:47:20,  5.23s/it]
 13%|#3        | 391/3000 [39:12<3:52:31,  5.35s/it]
 13%|#3        | 392/3000 [39:18<3:57:06,  5.46s/it]
 13%|#3        | 393/3000 [39:23<3:55:00,  5.41s/it]
 13%|#3        | 394/3000 [39:29<3:56:26,  5.44s/it]
 13%|#3        | 395/3000 [39:35<4:02:16,  5.58s/it]
 13%|#3        | 396/3000 [39:41<4:11:55,  5.80s/it]
 13%|#3        | 397/3000 [39:47<4:19:44,  5.99s/it]
 13%|#3        | 398/3000 [39:54<4:23:09,  6.07s/it]
 13%|#3        | 399/3000 [40:00<4:31:07,  6.25s/it]
 13%|#3        | 400/3000 [40:07<4:35:19,  6.35s/it]
                                                    

 13%|#3        | 400/3000 [40:07<4:35:19,  6.35s/it]
 13%|#3        | 401/3000 [40:14<4:42:29,  6.52s/it]
 13%|#3        | 402/3000 [40:21<4:47:02,  6.63s/it]
 13%|#3        | 403/3000 [40:27<4:47:18,  6.64s/it]
 13%|#3        | 404/3000 [40:34<4:50:55,  6.72s/it]
 14%|#3        | 405/3000 [40:45<5:45:52,  8.00s/it]
 14%|#3        | 406/3000 [41:00<7:11:14,  9.97s/it]
 14%|#3        | 407/3000 [41:09<6:55:06,  9.61s/it]
 14%|#3        | 408/3000 [41:19<7:05:29,  9.85s/it]
 14%|#3        | 409/3000 [41:28<6:51:29,  9.53s/it]
 14%|#3        | 410/3000 [41:34<6:09:52,  8.57s/it]
 14%|#3        | 411/3000 [41:40<5:36:34,  7.80s/it]
 14%|#3        | 412/3000 [41:47<5:30:24,  7.66s/it]
 14%|#3        | 413/3000 [41:53<4:58:26,  6.92s/it]
 14%|#3        | 414/3000 [41:59<4:48:43,  6.70s/it]
 14%|#3        | 415/3000 [42:04<4:29:49,  6.26s/it]
 14%|#3        | 416/3000 [42:11<4:33:04,  6.34s/it]
 14%|#3        | 417/3000 [42:18<4:46:08,  6.65s/it]
 14%|#3        | 418/3000 [42:24<4:42:39,  6.57s/it]
 14%|#3        | 419/3000 [42:33<5:08:25,  7.17s/it]
 14%|#4        | 420/3000 [42:40<5:10:00,  7.21s/it]
 14%|#4        | 421/3000 [42:47<5:03:19,  7.06s/it]
 14%|#4        | 422/3000 [42:54<4:58:23,  6.94s/it]
 14%|#4        | 423/3000 [43:02<5:14:48,  7.33s/it]
 14%|#4        | 424/3000 [43:10<5:26:23,  7.60s/it]
 14%|#4        | 425/3000 [43:18<5:25:44,  7.59s/it]
 14%|#4        | 426/3000 [43:25<5:18:12,  7.42s/it]
 14%|#4        | 427/3000 [43:32<5:12:02,  7.28s/it]
 14%|#4        | 428/3000 [43:39<5:10:31,  7.24s/it]
 14%|#4        | 429/3000 [43:46<5:06:26,  7.15s/it]
 14%|#4        | 430/3000 [43:52<4:55:20,  6.90s/it]
 14%|#4        | 431/3000 [43:58<4:49:20,  6.76s/it]
 14%|#4        | 432/3000 [44:05<4:51:22,  6.81s/it]
 14%|#4        | 433/3000 [44:12<4:54:41,  6.89s/it]
 14%|#4        | 434/3000 [44:19<4:57:17,  6.95s/it]
 14%|#4        | 435/3000 [44:26<4:58:08,  6.97s/it]
 15%|#4        | 436/3000 [44:34<4:59:33,  7.01s/it]
 15%|#4        | 437/3000 [44:41<5:00:18,  7.03s/it]
 15%|#4        | 438/3000 [44:48<5:01:38,  7.06s/it]
 15%|#4        | 439/3000 [44:55<5:06:29,  7.18s/it]
 15%|#4        | 440/3000 [45:03<5:10:57,  7.29s/it]
 15%|#4        | 441/3000 [45:10<5:14:24,  7.37s/it]
 15%|#4        | 442/3000 [45:18<5:17:08,  7.44s/it]
 15%|#4        | 443/3000 [45:25<5:14:39,  7.38s/it]
 15%|#4        | 444/3000 [45:33<5:15:32,  7.41s/it]
 15%|#4        | 445/3000 [45:40<5:19:47,  7.51s/it]
 15%|#4        | 446/3000 [45:47<5:12:35,  7.34s/it]
 15%|#4        | 447/3000 [45:54<5:07:57,  7.24s/it]
 15%|#4        | 448/3000 [46:01<5:03:46,  7.14s/it]
 15%|#4        | 449/3000 [46:08<5:02:05,  7.11s/it]
 15%|#5        | 450/3000 [46:16<5:09:23,  7.28s/it]
                                                    

 15%|#5        | 450/3000 [46:16<5:09:23,  7.28s/it]
 15%|#5        | 451/3000 [46:23<5:07:36,  7.24s/it]
 15%|#5        | 452/3000 [46:30<5:06:40,  7.22s/it]
 15%|#5        | 453/3000 [46:37<5:05:47,  7.20s/it]
 15%|#5        | 454/3000 [46:45<5:05:03,  7.19s/it]
 15%|#5        | 455/3000 [46:52<5:04:03,  7.17s/it]
 15%|#5        | 456/3000 [46:59<5:02:57,  7.15s/it]
 15%|#5        | 457/3000 [47:06<5:02:08,  7.13s/it]
 15%|#5        | 458/3000 [47:16<5:41:00,  8.05s/it]
 15%|#5        | 459/3000 [47:23<5:29:22,  7.78s/it]
 15%|#5        | 460/3000 [47:30<5:22:05,  7.61s/it]
 15%|#5        | 461/3000 [47:38<5:15:22,  7.45s/it]
 15%|#5        | 462/3000 [47:46<5:21:20,  7.60s/it]
 15%|#5        | 463/3000 [47:53<5:20:18,  7.58s/it]
 15%|#5        | 464/3000 [48:01<5:20:11,  7.58s/it]
 16%|#5        | 465/3000 [48:08<5:11:42,  7.38s/it]
 16%|#5        | 466/3000 [48:14<5:04:40,  7.21s/it]
 16%|#5        | 467/3000 [48:21<4:56:27,  7.02s/it]
 16%|#5        | 468/3000 [48:28<4:53:09,  6.95s/it]
 16%|#5        | 469/3000 [48:34<4:49:11,  6.86s/it]
 16%|#5        | 470/3000 [48:41<4:46:45,  6.80s/it]
 16%|#5        | 471/3000 [48:48<4:48:18,  6.84s/it]
 16%|#5        | 472/3000 [48:55<4:47:11,  6.82s/it]
 16%|#5        | 473/3000 [49:13<7:14:44, 10.32s/it]
 16%|#5        | 474/3000 [49:19<6:17:45,  8.97s/it]
 16%|#5        | 475/3000 [49:25<5:39:11,  8.06s/it]
 16%|#5        | 476/3000 [49:32<5:20:17,  7.61s/it]
 16%|#5        | 477/3000 [49:38<5:06:19,  7.28s/it]
 16%|#5        | 478/3000 [49:46<5:16:01,  7.52s/it]
 16%|#5        | 479/3000 [49:53<5:10:53,  7.40s/it]
 16%|#6        | 480/3000 [50:00<5:04:50,  7.26s/it]
 16%|#6        | 481/3000 [50:07<4:57:30,  7.09s/it]
 16%|#6        | 482/3000 [50:14<4:53:43,  7.00s/it]
 16%|#6        | 483/3000 [50:20<4:51:05,  6.94s/it]
 16%|#6        | 484/3000 [50:27<4:50:01,  6.92s/it]
 16%|#6        | 485/3000 [50:34<4:49:39,  6.91s/it]
 16%|#6        | 486/3000 [50:41<4:50:19,  6.93s/it]
 16%|#6        | 487/3000 [50:48<4:49:56,  6.92s/it]
 16%|#6        | 488/3000 [50:55<4:46:59,  6.85s/it]
 16%|#6        | 489/3000 [51:02<4:46:25,  6.84s/it]
 16%|#6        | 490/3000 [51:08<4:46:35,  6.85s/it]
 16%|#6        | 491/3000 [51:15<4:47:04,  6.87s/it]
 16%|#6        | 492/3000 [51:22<4:41:59,  6.75s/it]
 16%|#6        | 493/3000 [51:27<4:26:11,  6.37s/it]
 16%|#6        | 494/3000 [51:33<4:15:46,  6.12s/it]
 16%|#6        | 495/3000 [51:40<4:23:20,  6.31s/it]
 17%|#6        | 496/3000 [51:46<4:18:47,  6.20s/it]
 17%|#6        | 497/3000 [51:51<4:12:45,  6.06s/it]
 17%|#6        | 498/3000 [51:57<4:06:46,  5.92s/it]
 17%|#6        | 499/3000 [52:03<4:08:06,  5.95s/it]
 17%|#6        | 500/3000 [52:10<4:17:20,  6.18s/it]
                                                    

 17%|#6        | 500/3000 [52:10<4:17:20,  6.18s/it]

{'loss': '8.216', 'grad_norm': '0.7789', 'learning_rate': '0.000196', 'epoch': '0.03911'}
{'loss': '5.54', 'grad_norm': '1.149', 'learning_rate': '0.000396', 'epoch': '0.07823'}
{'loss': '4.142', 'grad_norm': '1.031', 'learning_rate': '0.0003997', 'epoch': '0.1173'}
{'loss': '3.445', 'grad_norm': '0.9338', 'learning_rate': '0.0003989', 'epoch': '0.1565'}
{'loss': '3.059', 'grad_norm': '0.7866', 'learning_rate': '0.0003974', 'epoch': '0.1956'}
{'loss': '2.812', 'grad_norm': '0.7736', 'learning_rate': '0.0003954', 'epoch': '0.2347'}
{'loss': '2.624', 'grad_norm': '0.7111', 'learning_rate': '0.0003928', 'epoch': '0.2738'}
{'loss': '2.466', 'grad_norm': '0.7363', 'learning_rate': '0.0003896', 'epoch': '0.3129'}
{'loss': '2.327', 'grad_norm': '0.637', 'learning_rate': '0.0003859', 'epoch': '0.352'}
{'loss': '2.175', 'grad_norm': '0.6639', 'learning_rate': '0.0003816', 'epoch': '0.3911'}
  0%|          | 0/212 [00:00<?, ?it/s][A

  1%|1         | 3/212 [00:00<00:08, 24.80it/s][A

  3%|2         | 6/212 [00:00<00:11, 17.55it/s][A

  4%|3         | 8/212 [00:00<00:12, 15.84it/s][A

  5%|4         | 10/212 [00:00<00:12, 16.59it/s][A

  6%|5         | 12/212 [00:00<00:12, 16.22it/s][A

  7%|6         | 14/212 [00:00<00:11, 16.90it/s][A

  8%|7         | 16/212 [00:00<00:11, 17.32it/s][A

  8%|8         | 18/212 [00:01<00:11, 17.53it/s][A

  9%|9         | 20/212 [00:01<00:11, 17.28it/s][A

 10%|#         | 22/212 [00:01<00:10, 17.39it/s][A

 11%|#1        | 24/212 [00:01<00:10, 17.12it/s][A

 12%|#2        | 26/212 [00:01<00:11, 16.80it/s][A

 13%|#3        | 28/212 [00:01<00:11, 16.42it/s][A

 14%|#4        | 30/212 [00:01<00:11, 16.07it/s][A

 15%|#5        | 32/212 [00:01<00:12, 14.54it/s][A

 16%|#6        | 34/212 [00:02<00:13, 13.17it/s][A

 17%|#6        | 36/212 [00:02<00:14, 12.32it/s][A

 18%|#7        | 38/212 [00:02<00:15, 11.31it/s][A

 19%|#8        | 40/212 [00:02<00:15, 11.06it/s][A

 20%|#9        | 42/212 [00:02<00:14, 11.61it/s][A

 21%|##        | 44/212 [00:03<00:14, 11.83it/s][A

 22%|##1       | 46/212 [00:03<00:13, 12.11it/s][A

 23%|##2       | 48/212 [00:03<00:13, 12.14it/s][A

 24%|##3       | 50/212 [00:03<00:13, 12.08it/s][A

 25%|##4       | 52/212 [00:03<00:14, 11.23it/s][A

 25%|##5       | 54/212 [00:03<00:13, 11.38it/s][A

 26%|##6       | 56/212 [00:04<00:13, 11.19it/s][A

 27%|##7       | 58/212 [00:04<00:15,  9.92it/s][A

 28%|##8       | 60/212 [00:04<00:18,  8.42it/s][A

 29%|##8       | 61/212 [00:04<00:17,  8.52it/s][A

 29%|##9       | 62/212 [00:04<00:17,  8.51it/s][A

 30%|##9       | 63/212 [00:05<00:17,  8.45it/s][A

 30%|###       | 64/212 [00:05<00:16,  8.78it/s][A

 31%|###1      | 66/212 [00:05<00:15,  9.54it/s][A

 32%|###2      | 68/212 [00:05<00:14, 10.05it/s][A

 33%|###3      | 70/212 [00:05<00:13, 10.35it/s][A

 34%|###3      | 72/212 [00:05<00:12, 10.93it/s][A

 35%|###4      | 74/212 [00:06<00:12, 10.85it/s][A

 36%|###5      | 76/212 [00:06<00:12, 11.10it/s][A

 37%|###6      | 78/212 [00:06<00:12, 11.09it/s][A

 38%|###7      | 80/212 [00:06<00:13,  9.89it/s][A

 39%|###8      | 82/212 [00:06<00:12, 10.45it/s][A

 40%|###9      | 84/212 [00:06<00:12, 10.56it/s][A

 41%|####      | 86/212 [00:07<00:11, 10.74it/s][A

 42%|####1     | 88/212 [00:07<00:11, 10.65it/s][A

 42%|####2     | 90/212 [00:07<00:10, 11.09it/s][A

 43%|####3     | 92/212 [00:07<00:10, 11.89it/s][A

 44%|####4     | 94/212 [00:07<00:09, 12.74it/s][A

 45%|####5     | 96/212 [00:07<00:08, 13.64it/s][A

 46%|####6     | 98/212 [00:08<00:08, 13.71it/s][A

 47%|####7     | 100/212 [00:08<00:07, 14.50it/s][A

 48%|####8     | 102/212 [00:08<00:07, 14.62it/s][A

 49%|####9     | 104/212 [00:08<00:07, 14.59it/s][A

 50%|#####     | 106/212 [00:08<00:07, 14.88it/s][A

 51%|#####     | 108/212 [00:08<00:06, 15.73it/s][A

 52%|#####1    | 110/212 [00:08<00:06, 15.53it/s][A

 53%|#####2    | 112/212 [00:08<00:06, 16.35it/s][A

 54%|#####3    | 114/212 [00:09<00:06, 16.12it/s][A

 55%|#####4    | 116/212 [00:09<00:05, 16.20it/s][A

 56%|#####5    | 118/212 [00:09<00:05, 16.73it/s][A

 57%|#####6    | 120/212 [00:09<00:05, 17.11it/s][A

 58%|#####8    | 123/212 [00:09<00:04, 18.47it/s][A

 59%|#####9    | 126/212 [00:09<00:04, 19.34it/s][A

 61%|######    | 129/212 [00:09<00:04, 19.65it/s][A

 62%|######2   | 132/212 [00:09<00:04, 19.75it/s][A

 64%|######3   | 135/212 [00:10<00:03, 20.79it/s][A

 65%|######5   | 138/212 [00:10<00:03, 21.59it/s][A

 67%|######6   | 141/212 [00:10<00:03, 21.28it/s][A

 68%|######7   | 144/212 [00:10<00:03, 21.10it/s][A

 69%|######9   | 147/212 [00:10<00:03, 21.23it/s][A

 71%|#######   | 150/212 [00:10<00:03, 20.58it/s][A

 72%|#######2  | 153/212 [00:10<00:02, 19.80it/s][A

 74%|#######3  | 156/212 [00:11<00:02, 20.44it/s][A

 75%|#######5  | 159/212 [00:11<00:02, 19.94it/s][A

 76%|#######6  | 162/212 [00:11<00:02, 20.84it/s][A

 78%|#######7  | 165/212 [00:11<00:02, 20.11it/s][A

 79%|#######9  | 168/212 [00:11<00:02, 19.83it/s][A

 81%|########  | 171/212 [00:11<00:01, 20.69it/s][A

 82%|########2 | 174/212 [00:11<00:01, 20.25it/s][A

 83%|########3 | 177/212 [00:12<00:01, 20.94it/s][A

 85%|########4 | 180/212 [00:12<00:01, 19.17it/s][A

 86%|########5 | 182/212 [00:12<00:01, 18.97it/s][A

 87%|########6 | 184/212 [00:12<00:01, 17.47it/s][A

 88%|########7 | 186/212 [00:12<00:01, 16.69it/s][A

 89%|########8 | 188/212 [00:12<00:01, 16.24it/s][A

 90%|########9 | 190/212 [00:12<00:01, 16.04it/s][A

 91%|######### | 192/212 [00:13<00:01, 15.40it/s][A

 92%|#########1| 194/212 [00:13<00:01, 15.67it/s][A

 92%|#########2| 196/212 [00:13<00:01, 15.17it/s][A

 93%|#########3| 198/212 [00:13<00:00, 14.69it/s][A

 94%|#########4| 200/212 [00:13<00:00, 14.98it/s][A

 95%|#########5| 202/212 [00:13<00:00, 14.46it/s][A

 96%|#########6| 204/212 [00:13<00:00, 14.50it/s][A

 97%|#########7| 206/212 [00:14<00:00, 15.07it/s][A

 98%|#########8| 208/212 [00:14<00:00, 15.26it/s][A

 99%|#########9| 210/212 [00:14<00:00, 15.96it/s][A

100%|##########| 212/212 [00:14<00:00, 16.78it/s][A
                                                    


                                                 
[A
 17%|#6        | 500/3000 [52:24<4:17:20,  6.18s/it]

100%|##########| 212/212 [00:14<00:00, 16.78it/s][A

{'eval_loss': '2.206', 'eval_runtime': '14.5', 'eval_samples_per_second': '58.34', 'eval_steps_per_second': '14.62', 'epoch': '0.3911'}
                                                 [A

Writing model shards:   0%|          | 0/1 [00:00<?, ?it/s][A

Writing model shards: 100%|##########| 1/1 [00:00<00:00,  2.21it/s][A
Writing model shards: 100%|##########| 1/1 [00:00<00:00,  2.21it/s]

 17%|#6        | 501/3000 [52:33<7:47:45, 11.23s/it]
 17%|#6        | 502/3000 [52:39<6:44:53,  9.73s/it]
 17%|#6        | 503/3000 [52:46<6:06:25,  8.80s/it]
 17%|#6        | 504/3000 [52:53<5:49:15,  8.40s/it]
 17%|#6        | 505/3000 [53:02<6:01:46,  8.70s/it]
 17%|#6        | 506/3000 [53:09<5:39:03,  8.16s/it]
 17%|#6        | 507/3000 [53:17<5:39:47,  8.18s/it]
 17%|#6        | 508/3000 [53:24<5:23:16,  7.78s/it]
 17%|#6        | 509/3000 [53:31<5:09:44,  7.46s/it]
 17%|#7        | 510/3000 [53:38<5:07:17,  7.40s/it]
 17%|#7        | 511/3000 [53:46<5:14:34,  7.58s/it]
 17%|#7        | 512/3000 [53:54<5:13:14,  7.55s/it]
 17%|#7        | 513/3000 [54:01<5:10:30,  7.49s/it]
 17%|#7        | 514/3000 [54:08<5:05:18,  7.37s/it]
 17%|#7        | 515/3000 [54:16<5:11:11,  7.51s/it]
 17%|#7        | 516/3000 [54:23<5:08:07,  7.44s/it]
 17%|#7        | 517/3000 [54:30<5:02:41,  7.31s/it]
 17%|#7        | 518/3000 [54:38<5:01:35,  7.29s/it]
 17%|#7        | 519/3000 [54:46<5:17:08,  7.67s/it]
 17%|#7        | 520/3000 [54:55<5:30:59,  8.01s/it]
 17%|#7        | 521/3000 [55:03<5:34:45,  8.10s/it]
 17%|#7        | 522/3000 [55:11<5:34:39,  8.10s/it]
 17%|#7        | 523/3000 [55:21<5:48:44,  8.45s/it]
 17%|#7        | 524/3000 [55:29<5:45:55,  8.38s/it]
 18%|#7        | 525/3000 [55:37<5:38:41,  8.21s/it]
 18%|#7        | 526/3000 [55:45<5:41:18,  8.28s/it]
 18%|#7        | 527/3000 [55:53<5:33:12,  8.08s/it]
 18%|#7        | 528/3000 [56:00<5:25:38,  7.90s/it]
 18%|#7        | 529/3000 [56:10<5:54:13,  8.60s/it]
 18%|#7        | 530/3000 [56:20<6:03:16,  8.82s/it]
 18%|#7        | 531/3000 [56:29<6:07:10,  8.92s/it]
 18%|#7        | 532/3000 [56:38<6:11:27,  9.03s/it]
 18%|#7        | 533/3000 [56:48<6:19:40,  9.23s/it]
 18%|#7        | 534/3000 [56:58<6:33:40,  9.58s/it]
 18%|#7        | 535/3000 [57:11<7:15:14, 10.59s/it]
 18%|#7        | 536/3000 [57:21<7:07:30, 10.41s/it]
 18%|#7        | 537/3000 [57:31<6:57:21, 10.17s/it]
 18%|#7        | 538/3000 [57:42<7:11:38, 10.52s/it]
 18%|#7        | 539/3000 [57:53<7:10:38, 10.50s/it]
 18%|#8        | 540/3000 [58:02<6:50:56, 10.02s/it]
 18%|#8        | 541/3000 [58:08<6:08:14,  8.99s/it]
 18%|#8        | 542/3000 [58:14<5:26:05,  7.96s/it]
 18%|#8        | 543/3000 [58:19<4:59:03,  7.30s/it]
 18%|#8        | 544/3000 [58:26<4:43:37,  6.93s/it]
 18%|#8        | 545/3000 [58:33<4:54:18,  7.19s/it]
 18%|#8        | 546/3000 [58:44<5:40:16,  8.32s/it]
 18%|#8        | 547/3000 [58:50<5:09:11,  7.56s/it]
 18%|#8        | 548/3000 [58:57<4:56:07,  7.25s/it]
 18%|#8        | 549/3000 [59:05<5:04:46,  7.46s/it]
 18%|#8        | 550/3000 [59:13<5:14:04,  7.69s/it]
                                                    

 18%|#8        | 550/3000 [59:13<5:14:04,  7.69s/it]
 18%|#8        | 551/3000 [59:21<5:24:00,  7.94s/it]
 18%|#8        | 552/3000 [59:30<5:32:07,  8.14s/it]
 18%|#8        | 553/3000 [59:38<5:26:07,  8.00s/it]
 18%|#8        | 554/3000 [59:47<5:43:13,  8.42s/it]
 18%|#8        | 555/3000 [59:57<6:04:33,  8.95s/it]
 19%|#8        | 556/3000 [1:00:05<5:54:24,  8.70s/it]
 19%|#8        | 557/3000 [1:00:11<5:16:47,  7.78s/it]
 19%|#8        | 558/3000 [1:00:17<4:50:09,  7.13s/it]
 19%|#8        | 559/3000 [1:00:22<4:23:43,  6.48s/it]
 19%|#8        | 560/3000 [1:00:28<4:27:47,  6.59s/it]
 19%|#8        | 561/3000 [1:00:35<4:34:22,  6.75s/it]
 19%|#8        | 562/3000 [1:00:43<4:48:25,  7.10s/it]
 19%|#8        | 563/3000 [1:00:51<4:49:28,  7.13s/it]
 19%|#8        | 564/3000 [1:00:55<4:16:25,  6.32s/it]
 19%|#8        | 565/3000 [1:00:59<3:50:59,  5.69s/it]
 19%|#8        | 566/3000 [1:01:04<3:35:04,  5.30s/it]
 19%|#8        | 567/3000 [1:01:08<3:22:54,  5.00s/it]
 19%|#8        | 568/3000 [1:01:13<3:29:19,  5.16s/it]
 19%|#8        | 569/3000 [1:01:19<3:29:45,  5.18s/it]
 19%|#9        | 570/3000 [1:01:23<3:23:16,  5.02s/it]
 19%|#9        | 571/3000 [1:01:28<3:17:51,  4.89s/it]
 19%|#9        | 572/3000 [1:01:32<3:13:50,  4.79s/it]
 19%|#9        | 573/3000 [1:01:37<3:11:33,  4.74s/it]
 19%|#9        | 574/3000 [1:01:42<3:17:01,  4.87s/it]
 19%|#9        | 575/3000 [1:01:48<3:32:37,  5.26s/it]
 19%|#9        | 576/3000 [1:01:54<3:30:19,  5.21s/it]
 19%|#9        | 577/3000 [1:01:59<3:29:41,  5.19s/it]
 19%|#9        | 578/3000 [1:02:04<3:33:06,  5.28s/it]
 19%|#9        | 579/3000 [1:02:11<3:51:17,  5.73s/it]
 19%|#9        | 580/3000 [1:02:18<4:04:19,  6.06s/it]
 19%|#9        | 581/3000 [1:02:24<4:05:44,  6.10s/it]
 19%|#9        | 582/3000 [1:02:30<4:02:25,  6.02s/it]
 19%|#9        | 583/3000 [1:02:34<3:46:21,  5.62s/it]
 19%|#9        | 584/3000 [1:02:39<3:34:44,  5.33s/it]
 20%|#9        | 585/3000 [1:02:44<3:34:17,  5.32s/it]
 20%|#9        | 586/3000 [1:02:49<3:29:28,  5.21s/it]
 20%|#9        | 587/3000 [1:02:55<3:28:34,  5.19s/it]
 20%|#9        | 588/3000 [1:03:00<3:28:08,  5.18s/it]
 20%|#9        | 589/3000 [1:03:05<3:25:58,  5.13s/it]
 20%|#9        | 590/3000 [1:03:09<3:18:06,  4.93s/it]
 20%|#9        | 591/3000 [1:03:14<3:17:21,  4.92s/it]
 20%|#9        | 592/3000 [1:03:18<3:11:09,  4.76s/it]
 20%|#9        | 593/3000 [1:03:23<3:09:35,  4.73s/it]
 20%|#9        | 594/3000 [1:03:28<3:11:03,  4.76s/it]
 20%|#9        | 595/3000 [1:03:33<3:14:50,  4.86s/it]
 20%|#9        | 596/3000 [1:03:38<3:16:07,  4.90s/it]
 20%|#9        | 597/3000 [1:03:44<3:24:48,  5.11s/it]
 20%|#9        | 598/3000 [1:03:49<3:22:54,  5.07s/it]
 20%|#9        | 599/3000 [1:03:54<3:22:34,  5.06s/it]
 20%|##        | 600/3000 [1:03:58<3:16:17,  4.91s/it]
                                                      

 20%|##        | 600/3000 [1:03:58<3:16:17,  4.91s/it]
 20%|##        | 601/3000 [1:04:03<3:12:41,  4.82s/it]
 20%|##        | 602/3000 [1:04:09<3:23:32,  5.09s/it]
 20%|##        | 603/3000 [1:04:14<3:25:46,  5.15s/it]
 20%|##        | 604/3000 [1:04:18<3:18:17,  4.97s/it]
 20%|##        | 605/3000 [1:04:23<3:17:06,  4.94s/it]
 20%|##        | 606/3000 [1:04:28<3:14:16,  4.87s/it]
 20%|##        | 607/3000 [1:04:33<3:11:31,  4.80s/it]
 20%|##        | 608/3000 [1:04:38<3:16:58,  4.94s/it]
 20%|##        | 609/3000 [1:04:43<3:23:23,  5.10s/it]
 20%|##        | 610/3000 [1:04:48<3:20:01,  5.02s/it]
 20%|##        | 611/3000 [1:04:53<3:22:06,  5.08s/it]
 20%|##        | 612/3000 [1:04:59<3:23:26,  5.11s/it]
 20%|##        | 613/3000 [1:05:04<3:32:29,  5.34s/it]
 20%|##        | 614/3000 [1:05:10<3:39:08,  5.51s/it]
 20%|##        | 615/3000 [1:05:16<3:43:02,  5.61s/it]
 21%|##        | 616/3000 [1:05:22<3:49:06,  5.77s/it]
 21%|##        | 617/3000 [1:05:28<3:47:20,  5.72s/it]
 21%|##        | 618/3000 [1:05:34<3:51:52,  5.84s/it]
 21%|##        | 619/3000 [1:05:39<3:44:08,  5.65s/it]
 21%|##        | 620/3000 [1:05:45<3:47:29,  5.73s/it]
 21%|##        | 621/3000 [1:05:51<3:52:43,  5.87s/it]
 21%|##        | 622/3000 [1:05:57<3:49:45,  5.80s/it]
 21%|##        | 623/3000 [1:06:01<3:33:32,  5.39s/it]
 21%|##        | 624/3000 [1:06:06<3:18:42,  5.02s/it]
 21%|##        | 625/3000 [1:06:10<3:14:57,  4.93s/it]
 21%|##        | 626/3000 [1:06:15<3:07:23,  4.74s/it]
 21%|##        | 627/3000 [1:06:19<2:58:54,  4.52s/it]
 21%|##        | 628/3000 [1:06:23<2:54:23,  4.41s/it]
 21%|##        | 629/3000 [1:06:27<2:52:29,  4.37s/it]
 21%|##1       | 630/3000 [1:06:32<3:04:05,  4.66s/it]
 21%|##1       | 631/3000 [1:06:38<3:16:21,  4.97s/it]
 21%|##1       | 632/3000 [1:06:43<3:16:10,  4.97s/it]
 21%|##1       | 633/3000 [1:06:47<3:08:59,  4.79s/it]
 21%|##1       | 634/3000 [1:06:52<3:05:35,  4.71s/it]
 21%|##1       | 635/3000 [1:06:56<3:02:00,  4.62s/it]
 21%|##1       | 636/3000 [1:07:02<3:10:00,  4.82s/it]
 21%|##1       | 637/3000 [1:07:06<3:05:05,  4.70s/it]
 21%|##1       | 638/3000 [1:07:11<3:13:38,  4.92s/it]
 21%|##1       | 639/3000 [1:07:16<3:06:44,  4.75s/it]
 21%|##1       | 640/3000 [1:07:21<3:09:21,  4.81s/it]
 21%|##1       | 641/3000 [1:07:26<3:11:44,  4.88s/it]
 21%|##1       | 642/3000 [1:07:31<3:11:17,  4.87s/it]
 21%|##1       | 643/3000 [1:07:35<3:10:25,  4.85s/it]
 21%|##1       | 644/3000 [1:07:41<3:13:45,  4.93s/it]
 22%|##1       | 645/3000 [1:07:45<3:12:20,  4.90s/it]
 22%|##1       | 646/3000 [1:07:50<3:11:12,  4.87s/it]
 22%|##1       | 647/3000 [1:07:55<3:09:38,  4.84s/it]
 22%|##1       | 648/3000 [1:08:00<3:10:41,  4.86s/it]
 22%|##1       | 649/3000 [1:08:05<3:09:26,  4.83s/it]
 22%|##1       | 650/3000 [1:08:10<3:10:10,  4.86s/it]
                                                      

 22%|##1       | 650/3000 [1:08:10<3:10:10,  4.86s/it]
 22%|##1       | 651/3000 [1:08:15<3:13:55,  4.95s/it]
 22%|##1       | 652/3000 [1:08:19<3:11:02,  4.88s/it]
 22%|##1       | 653/3000 [1:08:25<3:14:55,  4.98s/it]
 22%|##1       | 654/3000 [1:08:29<3:12:27,  4.92s/it]
 22%|##1       | 655/3000 [1:08:34<3:11:58,  4.91s/it]
 22%|##1       | 656/3000 [1:08:39<3:11:38,  4.91s/it]
 22%|##1       | 657/3000 [1:08:45<3:18:17,  5.08s/it]
 22%|##1       | 658/3000 [1:08:49<3:13:09,  4.95s/it]
 22%|##1       | 659/3000 [1:08:54<3:11:46,  4.92s/it]
 22%|##2       | 660/3000 [1:08:59<3:14:04,  4.98s/it]
 22%|##2       | 661/3000 [1:09:04<3:09:01,  4.85s/it]
 22%|##2       | 662/3000 [1:09:09<3:06:36,  4.79s/it]
 22%|##2       | 663/3000 [1:09:14<3:09:32,  4.87s/it]
 22%|##2       | 664/3000 [1:09:18<3:08:15,  4.84s/it]
 22%|##2       | 665/3000 [1:09:24<3:13:54,  4.98s/it]
 22%|##2       | 666/3000 [1:09:28<3:12:02,  4.94s/it]
 22%|##2       | 667/3000 [1:09:33<3:09:44,  4.88s/it]
 22%|##2       | 668/3000 [1:09:38<3:07:32,  4.83s/it]
 22%|##2       | 669/3000 [1:09:43<3:11:32,  4.93s/it]
 22%|##2       | 670/3000 [1:09:48<3:06:17,  4.80s/it]
 22%|##2       | 671/3000 [1:09:52<3:02:21,  4.70s/it]
 22%|##2       | 672/3000 [1:09:57<3:02:12,  4.70s/it]
 22%|##2       | 673/3000 [1:10:02<3:03:28,  4.73s/it]
 22%|##2       | 674/3000 [1:10:07<3:06:06,  4.80s/it]
 22%|##2       | 675/3000 [1:10:12<3:14:32,  5.02s/it]
 23%|##2       | 676/3000 [1:10:18<3:29:34,  5.41s/it]
 23%|##2       | 677/3000 [1:10:23<3:23:09,  5.25s/it]
 23%|##2       | 678/3000 [1:10:28<3:14:17,  5.02s/it]
 23%|##2       | 679/3000 [1:10:32<3:06:30,  4.82s/it]
 23%|##2       | 680/3000 [1:10:37<3:04:43,  4.78s/it]
 23%|##2       | 681/3000 [1:10:42<3:11:45,  4.96s/it]
 23%|##2       | 682/3000 [1:10:48<3:24:42,  5.30s/it]
 23%|##2       | 683/3000 [1:10:54<3:26:03,  5.34s/it]
 23%|##2       | 684/3000 [1:10:59<3:25:41,  5.33s/it]
 23%|##2       | 685/3000 [1:11:04<3:24:46,  5.31s/it]
 23%|##2       | 686/3000 [1:11:10<3:27:53,  5.39s/it]
 23%|##2       | 687/3000 [1:11:15<3:27:32,  5.38s/it]
 23%|##2       | 688/3000 [1:11:20<3:22:53,  5.27s/it]
 23%|##2       | 689/3000 [1:11:25<3:17:02,  5.12s/it]
 23%|##3       | 690/3000 [1:11:30<3:15:22,  5.07s/it]
 23%|##3       | 691/3000 [1:11:35<3:10:42,  4.96s/it]
 23%|##3       | 692/3000 [1:11:40<3:10:20,  4.95s/it]
 23%|##3       | 693/3000 [1:11:45<3:11:41,  4.99s/it]
 23%|##3       | 694/3000 [1:11:49<3:09:17,  4.93s/it]
 23%|##3       | 695/3000 [1:11:54<3:08:57,  4.92s/it]
 23%|##3       | 696/3000 [1:11:59<3:10:29,  4.96s/it]
 23%|##3       | 697/3000 [1:12:05<3:12:55,  5.03s/it]
 23%|##3       | 698/3000 [1:12:10<3:13:04,  5.03s/it]
 23%|##3       | 699/3000 [1:12:15<3:17:35,  5.15s/it]
 23%|##3       | 700/3000 [1:12:20<3:17:02,  5.14s/it]
                                                      

 23%|##3       | 700/3000 [1:12:20<3:17:02,  5.14s/it]
 23%|##3       | 701/3000 [1:12:25<3:17:09,  5.15s/it]
 23%|##3       | 702/3000 [1:12:30<3:13:58,  5.06s/it]
 23%|##3       | 703/3000 [1:12:35<3:06:13,  4.86s/it]
 23%|##3       | 704/3000 [1:12:39<2:58:21,  4.66s/it]
 24%|##3       | 705/3000 [1:12:44<3:01:23,  4.74s/it]
 24%|##3       | 706/3000 [1:12:48<2:56:58,  4.63s/it]
 24%|##3       | 707/3000 [1:12:52<2:52:39,  4.52s/it]
 24%|##3       | 708/3000 [1:12:57<2:50:44,  4.47s/it]
 24%|##3       | 709/3000 [1:13:01<2:48:53,  4.42s/it]
 24%|##3       | 710/3000 [1:13:05<2:47:10,  4.38s/it]
 24%|##3       | 711/3000 [1:13:10<2:46:23,  4.36s/it]
 24%|##3       | 712/3000 [1:13:15<2:53:26,  4.55s/it]
 24%|##3       | 713/3000 [1:13:19<2:53:21,  4.55s/it]
 24%|##3       | 714/3000 [1:13:23<2:50:29,  4.47s/it]
 24%|##3       | 715/3000 [1:13:28<2:48:04,  4.41s/it]
 24%|##3       | 716/3000 [1:13:32<2:47:06,  4.39s/it]
 24%|##3       | 717/3000 [1:13:36<2:45:52,  4.36s/it]
 24%|##3       | 718/3000 [1:13:41<2:48:50,  4.44s/it]
 24%|##3       | 719/3000 [1:13:46<2:51:09,  4.50s/it]
 24%|##4       | 720/3000 [1:13:50<2:50:22,  4.48s/it]
 24%|##4       | 721/3000 [1:13:54<2:48:05,  4.43s/it]
 24%|##4       | 722/3000 [1:13:59<2:49:23,  4.46s/it]
 24%|##4       | 723/3000 [1:14:03<2:49:26,  4.47s/it]
 24%|##4       | 724/3000 [1:14:08<2:48:10,  4.43s/it]
 24%|##4       | 725/3000 [1:14:13<2:53:26,  4.57s/it]
 24%|##4       | 726/3000 [1:14:17<2:51:15,  4.52s/it]
 24%|##4       | 727/3000 [1:14:21<2:48:58,  4.46s/it]
 24%|##4       | 728/3000 [1:14:26<2:48:51,  4.46s/it]
 24%|##4       | 729/3000 [1:14:30<2:51:30,  4.53s/it]
 24%|##4       | 730/3000 [1:14:35<2:50:25,  4.50s/it]
 24%|##4       | 731/3000 [1:14:39<2:47:37,  4.43s/it]
 24%|##4       | 732/3000 [1:14:44<2:51:44,  4.54s/it]
 24%|##4       | 733/3000 [1:14:48<2:51:22,  4.54s/it]
 24%|##4       | 734/3000 [1:14:53<2:48:50,  4.47s/it]
 24%|##4       | 735/3000 [1:14:57<2:48:04,  4.45s/it]
 25%|##4       | 736/3000 [1:15:02<2:47:01,  4.43s/it]
 25%|##4       | 737/3000 [1:15:06<2:44:48,  4.37s/it]
 25%|##4       | 738/3000 [1:15:10<2:47:04,  4.43s/it]
 25%|##4       | 739/3000 [1:15:15<2:48:04,  4.46s/it]
 25%|##4       | 740/3000 [1:15:20<2:51:29,  4.55s/it]
 25%|##4       | 741/3000 [1:15:24<2:48:21,  4.47s/it]
 25%|##4       | 742/3000 [1:15:28<2:46:26,  4.42s/it]
 25%|##4       | 743/3000 [1:15:33<2:44:50,  4.38s/it]
 25%|##4       | 744/3000 [1:15:37<2:43:43,  4.35s/it]
 25%|##4       | 745/3000 [1:15:42<2:49:01,  4.50s/it]
 25%|##4       | 746/3000 [1:15:46<2:48:15,  4.48s/it]
 25%|##4       | 747/3000 [1:15:51<2:47:50,  4.47s/it]
 25%|##4       | 748/3000 [1:15:55<2:45:31,  4.41s/it]
 25%|##4       | 749/3000 [1:15:59<2:44:27,  4.38s/it]
 25%|##5       | 750/3000 [1:16:04<2:45:31,  4.41s/it]
                                                      

 25%|##5       | 750/3000 [1:16:04<2:45:31,  4.41s/it]
 25%|##5       | 751/3000 [1:16:08<2:43:51,  4.37s/it]
 25%|##5       | 752/3000 [1:16:13<2:51:30,  4.58s/it]
 25%|##5       | 753/3000 [1:16:17<2:49:43,  4.53s/it]
 25%|##5       | 754/3000 [1:16:22<2:47:54,  4.49s/it]
 25%|##5       | 755/3000 [1:16:26<2:48:50,  4.51s/it]
 25%|##5       | 756/3000 [1:16:31<2:45:51,  4.43s/it]
 25%|##5       | 757/3000 [1:16:35<2:45:19,  4.42s/it]
 25%|##5       | 758/3000 [1:16:41<3:01:10,  4.85s/it]
 25%|##5       | 759/3000 [1:16:46<3:07:47,  5.03s/it]
 25%|##5       | 760/3000 [1:16:51<3:05:13,  4.96s/it]
 25%|##5       | 761/3000 [1:16:56<3:07:51,  5.03s/it]
 25%|##5       | 762/3000 [1:17:07<4:07:49,  6.64s/it]
 25%|##5       | 763/3000 [1:17:12<3:53:45,  6.27s/it]
 25%|##5       | 764/3000 [1:17:17<3:43:35,  6.00s/it]
 26%|##5       | 765/3000 [1:17:22<3:27:38,  5.57s/it]
 26%|##5       | 766/3000 [1:17:27<3:15:18,  5.25s/it]
 26%|##5       | 767/3000 [1:17:31<3:06:55,  5.02s/it]
 26%|##5       | 768/3000 [1:17:37<3:21:55,  5.43s/it]
 26%|##5       | 769/3000 [1:17:44<3:38:02,  5.86s/it]
 26%|##5       | 770/3000 [1:17:50<3:31:46,  5.70s/it]
 26%|##5       | 771/3000 [1:17:55<3:24:07,  5.49s/it]
 26%|##5       | 772/3000 [1:18:03<3:54:13,  6.31s/it]
 26%|##5       | 773/3000 [1:18:09<3:48:24,  6.15s/it]
 26%|##5       | 774/3000 [1:18:17<4:17:03,  6.93s/it]
 26%|##5       | 775/3000 [1:18:24<4:17:53,  6.95s/it]
 26%|##5       | 776/3000 [1:18:31<4:12:59,  6.83s/it]
 26%|##5       | 777/3000 [1:18:36<3:52:21,  6.27s/it]
 26%|##5       | 778/3000 [1:18:41<3:34:00,  5.78s/it]
 26%|##5       | 779/3000 [1:18:45<3:22:41,  5.48s/it]
 26%|##6       | 780/3000 [1:18:50<3:13:22,  5.23s/it]
 26%|##6       | 781/3000 [1:18:55<3:07:49,  5.08s/it]
 26%|##6       | 782/3000 [1:19:00<3:07:25,  5.07s/it]
 26%|##6       | 783/3000 [1:19:05<3:09:45,  5.14s/it]
 26%|##6       | 784/3000 [1:19:10<3:12:35,  5.21s/it]
 26%|##6       | 785/3000 [1:19:16<3:14:16,  5.26s/it]
 26%|##6       | 786/3000 [1:19:21<3:16:04,  5.31s/it]
 26%|##6       | 787/3000 [1:19:26<3:13:14,  5.24s/it]
 26%|##6       | 788/3000 [1:19:31<3:09:56,  5.15s/it]
 26%|##6       | 789/3000 [1:19:36<3:05:39,  5.04s/it]
 26%|##6       | 790/3000 [1:19:41<3:07:10,  5.08s/it]
 26%|##6       | 791/3000 [1:19:46<3:04:01,  5.00s/it]
 26%|##6       | 792/3000 [1:19:51<3:00:33,  4.91s/it]
 26%|##6       | 793/3000 [1:19:55<2:59:04,  4.87s/it]
 26%|##6       | 794/3000 [1:20:01<3:01:09,  4.93s/it]
 26%|##6       | 795/3000 [1:20:05<3:00:23,  4.91s/it]
 27%|##6       | 796/3000 [1:20:11<3:02:52,  4.98s/it]
 27%|##6       | 797/3000 [1:20:16<3:03:07,  4.99s/it]
 27%|##6       | 798/3000 [1:20:20<3:01:47,  4.95s/it]
 27%|##6       | 799/3000 [1:20:25<2:59:39,  4.90s/it]
 27%|##6       | 800/3000 [1:20:30<2:56:56,  4.83s/it]
                                                      

 27%|##6       | 800/3000 [1:20:30<2:56:56,  4.83s/it]
 27%|##6       | 801/3000 [1:20:34<2:53:12,  4.73s/it]
 27%|##6       | 802/3000 [1:20:39<2:53:42,  4.74s/it]
 27%|##6       | 803/3000 [1:20:44<2:57:15,  4.84s/it]
 27%|##6       | 804/3000 [1:20:49<2:57:40,  4.85s/it]
 27%|##6       | 805/3000 [1:20:54<2:56:02,  4.81s/it]
 27%|##6       | 806/3000 [1:20:59<2:55:35,  4.80s/it]
 27%|##6       | 807/3000 [1:21:03<2:55:11,  4.79s/it]
 27%|##6       | 808/3000 [1:21:08<2:54:13,  4.77s/it]
 27%|##6       | 809/3000 [1:21:13<2:56:35,  4.84s/it]
 27%|##7       | 810/3000 [1:21:18<2:55:14,  4.80s/it]
 27%|##7       | 811/3000 [1:21:23<2:54:46,  4.79s/it]
 27%|##7       | 812/3000 [1:21:27<2:52:38,  4.73s/it]
 27%|##7       | 813/3000 [1:21:32<2:53:41,  4.77s/it]
 27%|##7       | 814/3000 [1:21:37<2:55:33,  4.82s/it]
 27%|##7       | 815/3000 [1:21:42<3:02:07,  5.00s/it]
 27%|##7       | 816/3000 [1:21:47<3:00:28,  4.96s/it]
 27%|##7       | 817/3000 [1:21:52<2:59:47,  4.94s/it]
 27%|##7       | 818/3000 [1:21:57<3:03:41,  5.05s/it]
 27%|##7       | 819/3000 [1:22:03<3:05:42,  5.11s/it]
 27%|##7       | 820/3000 [1:22:07<2:59:44,  4.95s/it]
 27%|##7       | 821/3000 [1:22:12<3:01:17,  4.99s/it]
 27%|##7       | 822/3000 [1:22:17<2:57:56,  4.90s/it]
 27%|##7       | 823/3000 [1:22:22<2:57:31,  4.89s/it]
 27%|##7       | 824/3000 [1:22:27<2:57:21,  4.89s/it]
 28%|##7       | 825/3000 [1:22:32<2:55:58,  4.85s/it]
 28%|##7       | 826/3000 [1:22:37<2:57:24,  4.90s/it]
 28%|##7       | 827/3000 [1:22:45<3:32:22,  5.86s/it]
 28%|##7       | 828/3000 [1:22:53<4:04:36,  6.76s/it]
 28%|##7       | 829/3000 [1:22:59<3:53:09,  6.44s/it]
 28%|##7       | 830/3000 [1:23:05<3:48:36,  6.32s/it]
 28%|##7       | 831/3000 [1:23:11<3:39:20,  6.07s/it]
 28%|##7       | 832/3000 [1:23:16<3:35:37,  5.97s/it]
 28%|##7       | 833/3000 [1:23:22<3:30:25,  5.83s/it]
 28%|##7       | 834/3000 [1:23:26<3:16:43,  5.45s/it]
 28%|##7       | 835/3000 [1:23:31<3:06:52,  5.18s/it]
 28%|##7       | 836/3000 [1:23:36<2:59:48,  4.99s/it]
 28%|##7       | 837/3000 [1:23:41<3:01:56,  5.05s/it]
 28%|##7       | 838/3000 [1:23:46<3:08:03,  5.22s/it]
 28%|##7       | 839/3000 [1:23:52<3:16:23,  5.45s/it]
 28%|##8       | 840/3000 [1:23:58<3:13:20,  5.37s/it]
 28%|##8       | 841/3000 [1:24:03<3:10:20,  5.29s/it]
 28%|##8       | 842/3000 [1:24:08<3:09:42,  5.27s/it]
 28%|##8       | 843/3000 [1:24:14<3:14:10,  5.40s/it]
 28%|##8       | 844/3000 [1:24:19<3:09:14,  5.27s/it]
 28%|##8       | 845/3000 [1:24:24<3:08:07,  5.24s/it]
 28%|##8       | 846/3000 [1:24:30<3:14:10,  5.41s/it]
 28%|##8       | 847/3000 [1:24:34<3:05:43,  5.18s/it]
 28%|##8       | 848/3000 [1:24:39<3:00:42,  5.04s/it]
 28%|##8       | 849/3000 [1:24:44<3:02:11,  5.08s/it]
 28%|##8       | 850/3000 [1:24:49<2:59:37,  5.01s/it]
                                                      

 28%|##8       | 850/3000 [1:24:49<2:59:37,  5.01s/it]
 28%|##8       | 851/3000 [1:24:54<2:59:53,  5.02s/it]
 28%|##8       | 852/3000 [1:24:59<2:59:38,  5.02s/it]
 28%|##8       | 853/3000 [1:25:04<2:59:45,  5.02s/it]
 28%|##8       | 854/3000 [1:25:09<2:58:51,  5.00s/it]
 28%|##8       | 855/3000 [1:25:15<3:07:57,  5.26s/it]
 29%|##8       | 856/3000 [1:25:21<3:13:36,  5.42s/it]
 29%|##8       | 857/3000 [1:25:26<3:13:29,  5.42s/it]
 29%|##8       | 858/3000 [1:25:31<3:07:19,  5.25s/it]
 29%|##8       | 859/3000 [1:25:37<3:17:44,  5.54s/it]
 29%|##8       | 860/3000 [1:25:44<3:34:46,  6.02s/it]
 29%|##8       | 861/3000 [1:25:52<3:50:10,  6.46s/it]
 29%|##8       | 862/3000 [1:25:58<3:45:15,  6.32s/it]
 29%|##8       | 863/3000 [1:26:03<3:38:32,  6.14s/it]
 29%|##8       | 864/3000 [1:26:09<3:33:15,  5.99s/it]
 29%|##8       | 865/3000 [1:26:15<3:33:38,  6.00s/it]
 29%|##8       | 866/3000 [1:26:20<3:18:52,  5.59s/it]
 29%|##8       | 867/3000 [1:26:24<3:05:59,  5.23s/it]
 29%|##8       | 868/3000 [1:26:29<3:06:27,  5.25s/it]
 29%|##8       | 869/3000 [1:26:37<3:27:03,  5.83s/it]
 29%|##9       | 870/3000 [1:26:42<3:25:30,  5.79s/it]
 29%|##9       | 871/3000 [1:26:48<3:22:22,  5.70s/it]
 29%|##9       | 872/3000 [1:26:54<3:28:36,  5.88s/it]
 29%|##9       | 873/3000 [1:26:59<3:14:26,  5.48s/it]
 29%|##9       | 874/3000 [1:27:03<3:03:36,  5.18s/it]
 29%|##9       | 875/3000 [1:27:10<3:19:19,  5.63s/it]
 29%|##9       | 876/3000 [1:27:16<3:26:33,  5.84s/it]
 29%|##9       | 877/3000 [1:27:22<3:27:29,  5.86s/it]
 29%|##9       | 878/3000 [1:27:28<3:23:43,  5.76s/it]
 29%|##9       | 879/3000 [1:27:33<3:21:41,  5.71s/it]
 29%|##9       | 880/3000 [1:27:39<3:20:02,  5.66s/it]
 29%|##9       | 881/3000 [1:27:44<3:19:10,  5.64s/it]
 29%|##9       | 882/3000 [1:27:49<3:10:54,  5.41s/it]
 29%|##9       | 883/3000 [1:27:54<3:00:01,  5.10s/it]
 29%|##9       | 884/3000 [1:27:58<2:52:42,  4.90s/it]
 30%|##9       | 885/3000 [1:28:03<2:49:33,  4.81s/it]
 30%|##9       | 886/3000 [1:28:07<2:50:31,  4.84s/it]
 30%|##9       | 887/3000 [1:28:13<2:56:25,  5.01s/it]
 30%|##9       | 888/3000 [1:28:20<3:13:48,  5.51s/it]
 30%|##9       | 889/3000 [1:28:26<3:19:01,  5.66s/it]
 30%|##9       | 890/3000 [1:28:31<3:19:08,  5.66s/it]
 30%|##9       | 891/3000 [1:28:37<3:18:33,  5.65s/it]
 30%|##9       | 892/3000 [1:28:43<3:20:00,  5.69s/it]
 30%|##9       | 893/3000 [1:28:48<3:17:20,  5.62s/it]
 30%|##9       | 894/3000 [1:28:54<3:16:48,  5.61s/it]
 30%|##9       | 895/3000 [1:28:59<3:15:44,  5.58s/it]
 30%|##9       | 896/3000 [1:29:05<3:14:27,  5.55s/it]
 30%|##9       | 897/3000 [1:29:10<3:14:33,  5.55s/it]
 30%|##9       | 898/3000 [1:29:16<3:18:40,  5.67s/it]
 30%|##9       | 899/3000 [1:29:22<3:21:12,  5.75s/it]
 30%|###       | 900/3000 [1:29:27<3:10:29,  5.44s/it]
                                                      

 30%|###       | 900/3000 [1:29:27<3:10:29,  5.44s/it]
 30%|###       | 901/3000 [1:29:32<3:03:13,  5.24s/it]
 30%|###       | 902/3000 [1:29:37<3:10:03,  5.44s/it]
 30%|###       | 903/3000 [1:29:44<3:21:20,  5.76s/it]
 30%|###       | 904/3000 [1:29:49<3:18:12,  5.67s/it]
 30%|###       | 905/3000 [1:29:55<3:14:48,  5.58s/it]
 30%|###       | 906/3000 [1:30:01<3:23:35,  5.83s/it]
 30%|###       | 907/3000 [1:30:08<3:29:57,  6.02s/it]
 30%|###       | 908/3000 [1:30:14<3:32:25,  6.09s/it]
 30%|###       | 909/3000 [1:30:22<3:47:48,  6.54s/it]
 30%|###       | 910/3000 [1:30:27<3:32:43,  6.11s/it]
 30%|###       | 911/3000 [1:30:32<3:19:47,  5.74s/it]
 30%|###       | 912/3000 [1:30:37<3:16:24,  5.64s/it]
 30%|###       | 913/3000 [1:30:42<3:13:24,  5.56s/it]
 30%|###       | 914/3000 [1:30:48<3:12:28,  5.54s/it]
 30%|###       | 915/3000 [1:30:54<3:16:24,  5.65s/it]
 31%|###       | 916/3000 [1:30:59<3:07:37,  5.40s/it]
 31%|###       | 917/3000 [1:31:03<3:02:04,  5.24s/it]
 31%|###       | 918/3000 [1:31:08<2:58:26,  5.14s/it]
 31%|###       | 919/3000 [1:31:14<3:01:38,  5.24s/it]
 31%|###       | 920/3000 [1:31:19<3:04:08,  5.31s/it]
 31%|###       | 921/3000 [1:31:24<3:00:56,  5.22s/it]
 31%|###       | 922/3000 [1:31:29<2:59:27,  5.18s/it]
 31%|###       | 923/3000 [1:31:34<2:56:31,  5.10s/it]
 31%|###       | 924/3000 [1:31:39<2:55:36,  5.08s/it]
 31%|###       | 925/3000 [1:31:44<2:54:12,  5.04s/it]
 31%|###       | 926/3000 [1:31:49<2:54:53,  5.06s/it]
 31%|###       | 927/3000 [1:31:54<2:51:10,  4.95s/it]
 31%|###       | 928/3000 [1:31:59<2:49:56,  4.92s/it]
 31%|###       | 929/3000 [1:32:04<2:46:31,  4.82s/it]
 31%|###1      | 930/3000 [1:32:08<2:44:56,  4.78s/it]
 31%|###1      | 931/3000 [1:32:13<2:45:50,  4.81s/it]
 31%|###1      | 932/3000 [1:32:18<2:49:00,  4.90s/it]
 31%|###1      | 933/3000 [1:32:24<3:00:15,  5.23s/it]
 31%|###1      | 934/3000 [1:32:29<2:54:49,  5.08s/it]
 31%|###1      | 935/3000 [1:32:34<2:50:06,  4.94s/it]
 31%|###1      | 936/3000 [1:32:38<2:47:52,  4.88s/it]
 31%|###1      | 937/3000 [1:32:43<2:49:45,  4.94s/it]
 31%|###1      | 938/3000 [1:32:49<2:52:11,  5.01s/it]
 31%|###1      | 939/3000 [1:32:53<2:49:33,  4.94s/it]
 31%|###1      | 940/3000 [1:32:58<2:47:52,  4.89s/it]
 31%|###1      | 941/3000 [1:33:03<2:46:18,  4.85s/it]
 31%|###1      | 942/3000 [1:33:08<2:47:27,  4.88s/it]
 31%|###1      | 943/3000 [1:33:13<2:48:52,  4.93s/it]
 31%|###1      | 944/3000 [1:33:18<2:50:12,  4.97s/it]
 32%|###1      | 945/3000 [1:33:23<2:49:11,  4.94s/it]
 32%|###1      | 946/3000 [1:33:27<2:46:10,  4.85s/it]
 32%|###1      | 947/3000 [1:33:32<2:43:02,  4.77s/it]
 32%|###1      | 948/3000 [1:33:37<2:41:56,  4.74s/it]
 32%|###1      | 949/3000 [1:33:42<2:46:18,  4.86s/it]
 32%|###1      | 950/3000 [1:33:46<2:44:35,  4.82s/it]
                                                      

 32%|###1      | 950/3000 [1:33:47<2:44:35,  4.82s/it]
 32%|###1      | 951/3000 [1:33:52<2:47:47,  4.91s/it]
 32%|###1      | 952/3000 [1:33:56<2:46:02,  4.86s/it]
 32%|###1      | 953/3000 [1:34:01<2:44:31,  4.82s/it]
 32%|###1      | 954/3000 [1:34:06<2:42:52,  4.78s/it]
 32%|###1      | 955/3000 [1:34:11<2:44:10,  4.82s/it]
 32%|###1      | 956/3000 [1:34:16<2:45:10,  4.85s/it]
 32%|###1      | 957/3000 [1:34:21<2:49:01,  4.96s/it]
 32%|###1      | 958/3000 [1:34:26<2:48:21,  4.95s/it]
 32%|###1      | 959/3000 [1:34:30<2:45:59,  4.88s/it]
 32%|###2      | 960/3000 [1:34:35<2:45:03,  4.85s/it]
 32%|###2      | 961/3000 [1:34:40<2:46:26,  4.90s/it]
 32%|###2      | 962/3000 [1:34:45<2:47:20,  4.93s/it]
 32%|###2      | 963/3000 [1:34:50<2:49:08,  4.98s/it]
 32%|###2      | 964/3000 [1:34:55<2:46:11,  4.90s/it]
 32%|###2      | 965/3000 [1:35:00<2:44:27,  4.85s/it]
 32%|###2      | 966/3000 [1:35:04<2:40:36,  4.74s/it]
 32%|###2      | 967/3000 [1:35:09<2:40:28,  4.74s/it]
 32%|###2      | 968/3000 [1:35:14<2:42:43,  4.81s/it]
 32%|###2      | 969/3000 [1:35:19<2:46:47,  4.93s/it]
 32%|###2      | 970/3000 [1:35:24<2:46:03,  4.91s/it]
 32%|###2      | 971/3000 [1:35:29<2:42:47,  4.81s/it]
 32%|###2      | 972/3000 [1:35:34<2:45:51,  4.91s/it]
 32%|###2      | 973/3000 [1:35:40<2:56:34,  5.23s/it]
 32%|###2      | 974/3000 [1:35:44<2:50:54,  5.06s/it]
 32%|###2      | 975/3000 [1:35:49<2:49:06,  5.01s/it]
 33%|###2      | 976/3000 [1:35:54<2:44:07,  4.87s/it]
 33%|###2      | 977/3000 [1:35:59<2:42:20,  4.81s/it]
 33%|###2      | 978/3000 [1:36:03<2:41:24,  4.79s/it]
 33%|###2      | 979/3000 [1:36:08<2:44:47,  4.89s/it]
 33%|###2      | 980/3000 [1:36:13<2:46:46,  4.95s/it]
 33%|###2      | 981/3000 [1:36:19<2:51:06,  5.08s/it]
 33%|###2      | 982/3000 [1:36:24<2:49:34,  5.04s/it]
 33%|###2      | 983/3000 [1:36:29<2:45:59,  4.94s/it]
 33%|###2      | 984/3000 [1:36:33<2:42:46,  4.84s/it]
 33%|###2      | 985/3000 [1:36:38<2:41:23,  4.81s/it]
 33%|###2      | 986/3000 [1:36:43<2:42:40,  4.85s/it]
 33%|###2      | 987/3000 [1:36:48<2:44:08,  4.89s/it]
 33%|###2      | 988/3000 [1:36:54<2:52:15,  5.14s/it]
 33%|###2      | 989/3000 [1:36:59<2:56:48,  5.28s/it]
 33%|###3      | 990/3000 [1:37:05<3:00:00,  5.37s/it]
 33%|###3      | 991/3000 [1:37:10<3:04:01,  5.50s/it]
 33%|###3      | 992/3000 [1:37:16<3:02:59,  5.47s/it]
 33%|###3      | 993/3000 [1:37:21<3:00:58,  5.41s/it]
 33%|###3      | 994/3000 [1:37:27<3:00:31,  5.40s/it]
 33%|###3      | 995/3000 [1:37:32<2:58:33,  5.34s/it]
 33%|###3      | 996/3000 [1:37:37<2:58:19,  5.34s/it]
 33%|###3      | 997/3000 [1:37:42<2:58:55,  5.36s/it]
 33%|###3      | 998/3000 [1:37:48<2:59:52,  5.39s/it]
 33%|###3      | 999/3000 [1:37:53<2:58:53,  5.36s/it]
 33%|###3      | 1000/3000 [1:37:59<3:00:18,  5.41s/it]
                                                       

 33%|###3      | 1000/3000 [1:37:59<3:00:18,  5.41s/it]
{'loss': '2.109', 'grad_norm': '0.6531', 'learning_rate': '0.0003768', 'epoch': '0.4302'}
{'loss': '2.009', 'grad_norm': '0.6422', 'learning_rate': '0.0003715', 'epoch': '0.4694'}
{'loss': '1.909', 'grad_norm': '0.6578', 'learning_rate': '0.0003657', 'epoch': '0.5085'}
{'loss': '1.897', 'grad_norm': '0.5955', 'learning_rate': '0.0003593', 'epoch': '0.5476'}
{'loss': '1.843', 'grad_norm': '0.6113', 'learning_rate': '0.0003526', 'epoch': '0.5867'}
{'loss': '1.77', 'grad_norm': '0.6406', 'learning_rate': '0.0003453', 'epoch': '0.6258'}
{'loss': '1.745', 'grad_norm': '0.5433', 'learning_rate': '0.0003377', 'epoch': '0.6649'}
{'loss': '1.71', 'grad_norm': '0.6611', 'learning_rate': '0.0003296', 'epoch': '0.704'}
{'loss': '1.67', 'grad_norm': '0.5473', 'learning_rate': '0.0003212', 'epoch': '0.7431'}
{'loss': '1.628', 'grad_norm': '0.5651', 'learning_rate': '0.0003124', 'epoch': '0.7823'}

  0%|          | 0/212 [00:00<?, ?it/s][A

  2%|1         | 4/212 [00:00<00:06, 32.76it/s][A

  4%|3         | 8/212 [00:00<00:07, 26.90it/s][A

  5%|5         | 11/212 [00:00<00:07, 26.60it/s][A

  7%|6         | 14/212 [00:00<00:07, 26.61it/s][A

  8%|8         | 17/212 [00:00<00:07, 25.58it/s][A

  9%|9         | 20/212 [00:00<00:07, 25.35it/s][A

 11%|#         | 23/212 [00:00<00:07, 24.96it/s][A

 12%|#2        | 26/212 [00:01<00:07, 24.53it/s][A

 14%|#3        | 29/212 [00:01<00:07, 24.78it/s][A

 15%|#5        | 32/212 [00:01<00:07, 24.84it/s][A

 17%|#6        | 35/212 [00:01<00:07, 25.18it/s][A

 18%|#7        | 38/212 [00:01<00:06, 25.54it/s][A

 19%|#9        | 41/212 [00:01<00:06, 24.98it/s][A

 21%|##        | 44/212 [00:01<00:06, 25.10it/s][A

 22%|##2       | 47/212 [00:01<00:06, 24.47it/s][A

 24%|##3       | 50/212 [00:01<00:06, 24.77it/s][A

 25%|##5       | 53/212 [00:02<00:06, 25.17it/s][A

 26%|##6       | 56/212 [00:02<00:06, 24.76it/s][A

 28%|##7       | 59/212 [00:02<00:06, 24.34it/s][A

 29%|##9       | 62/212 [00:02<00:06, 24.44it/s][A

 31%|###       | 65/212 [00:02<00:06, 24.21it/s][A

 32%|###2      | 68/212 [00:02<00:05, 24.64it/s][A

 33%|###3      | 71/212 [00:02<00:05, 24.67it/s][A

 35%|###4      | 74/212 [00:02<00:05, 24.39it/s][A

 36%|###6      | 77/212 [00:03<00:05, 24.78it/s][A

 38%|###7      | 80/212 [00:03<00:05, 25.08it/s][A

 39%|###9      | 83/212 [00:03<00:05, 23.90it/s][A

 41%|####      | 86/212 [00:03<00:05, 24.56it/s][A

 42%|####1     | 89/212 [00:03<00:05, 24.37it/s][A

 43%|####3     | 92/212 [00:03<00:05, 23.95it/s][A

 45%|####4     | 95/212 [00:03<00:04, 24.67it/s][A

 46%|####6     | 98/212 [00:03<00:05, 22.68it/s][A

 48%|####7     | 101/212 [00:04<00:04, 23.49it/s][A

 49%|####9     | 104/212 [00:04<00:04, 24.17it/s][A

 50%|#####     | 107/212 [00:04<00:04, 23.20it/s][A

 52%|#####1    | 110/212 [00:04<00:04, 24.21it/s][A

 53%|#####3    | 113/212 [00:04<00:04, 24.66it/s][A

 55%|#####4    | 116/212 [00:04<00:03, 24.63it/s][A

 56%|#####6    | 119/212 [00:04<00:03, 24.30it/s][A

 58%|#####7    | 122/212 [00:04<00:03, 24.58it/s][A

 59%|#####8    | 125/212 [00:05<00:03, 24.45it/s][A

 60%|######    | 128/212 [00:05<00:03, 24.28it/s][A

 62%|######1   | 131/212 [00:05<00:03, 24.83it/s][A

 63%|######3   | 134/212 [00:05<00:03, 24.41it/s][A

 65%|######4   | 137/212 [00:05<00:03, 24.64it/s][A

 66%|######6   | 140/212 [00:05<00:02, 24.74it/s][A

 67%|######7   | 143/212 [00:05<00:02, 24.36it/s][A

 69%|######8   | 146/212 [00:05<00:02, 24.25it/s][A

 70%|#######   | 149/212 [00:06<00:02, 24.25it/s][A

 72%|#######1  | 152/212 [00:06<00:02, 25.01it/s][A

 73%|#######3  | 155/212 [00:06<00:02, 25.22it/s][A

 75%|#######4  | 158/212 [00:06<00:02, 24.71it/s][A

 76%|#######5  | 161/212 [00:06<00:02, 24.72it/s][A

 77%|#######7  | 164/212 [00:06<00:01, 24.52it/s][A

 79%|#######8  | 167/212 [00:06<00:02, 22.31it/s][A

 80%|########  | 170/212 [00:06<00:01, 21.60it/s][A

 82%|########1 | 173/212 [00:07<00:01, 20.69it/s][A

 83%|########3 | 176/212 [00:07<00:01, 21.69it/s][A

 84%|########4 | 179/212 [00:07<00:01, 22.50it/s][A

 86%|########5 | 182/212 [00:07<00:01, 22.74it/s][A

 87%|########7 | 185/212 [00:07<00:01, 23.17it/s][A

 89%|########8 | 188/212 [00:07<00:01, 23.43it/s][A

 90%|######### | 191/212 [00:07<00:00, 23.19it/s][A

 92%|#########1| 194/212 [00:08<00:00, 23.12it/s][A

 93%|#########2| 197/212 [00:08<00:00, 24.05it/s][A

 94%|#########4| 200/212 [00:08<00:00, 23.27it/s][A

 96%|#########5| 203/212 [00:08<00:00, 24.04it/s][A

 97%|#########7| 206/212 [00:08<00:00, 24.08it/s][A

 99%|#########8| 209/212 [00:08<00:00, 24.68it/s][A

100%|##########| 212/212 [00:08<00:00, 24.23it/s][A
                                                       


                                                 
[A
 33%|###3      | 1000/3000 [1:38:08<3:00:18,  5.41s/it]

100%|##########| 212/212 [00:08<00:00, 24.23it/s][A

{'eval_loss': '1.648', 'eval_runtime': '8.776', 'eval_samples_per_second': '96.4', 'eval_steps_per_second': '24.16', 'epoch': '0.7823'}
                                                 [A

Writing model shards:   0%|          | 0/1 [00:00<?, ?it/s][A

Writing model shards: 100%|##########| 1/1 [00:00<00:00,  2.64it/s][A
Writing model shards: 100%|##########| 1/1 [00:00<00:00,  2.64it/s]

 33%|###3      | 1001/3000 [1:38:14<4:42:32,  8.48s/it]
 33%|###3      | 1002/3000 [1:38:20<4:15:36,  7.68s/it]
 33%|###3      | 1003/3000 [1:38:28<4:12:46,  7.59s/it]
 33%|###3      | 1004/3000 [1:38:35<4:05:35,  7.38s/it]
 34%|###3      | 1005/3000 [1:38:40<3:41:37,  6.67s/it]
 34%|###3      | 1006/3000 [1:38:45<3:27:02,  6.23s/it]
 34%|###3      | 1007/3000 [1:38:50<3:16:11,  5.91s/it]
 34%|###3      | 1008/3000 [1:38:55<3:07:34,  5.65s/it]
 34%|###3      | 1009/3000 [1:39:00<3:00:11,  5.43s/it]
 34%|###3      | 1010/3000 [1:39:05<2:59:07,  5.40s/it]
 34%|###3      | 1011/3000 [1:39:10<2:54:22,  5.26s/it]
 34%|###3      | 1012/3000 [1:39:15<2:50:57,  5.16s/it]
 34%|###3      | 1013/3000 [1:39:20<2:47:40,  5.06s/it]
 34%|###3      | 1014/3000 [1:39:25<2:45:01,  4.99s/it]
 34%|###3      | 1015/3000 [1:39:29<2:42:39,  4.92s/it]
 34%|###3      | 1016/3000 [1:39:35<2:46:54,  5.05s/it]
 34%|###3      | 1017/3000 [1:39:40<2:44:48,  4.99s/it]
 34%|###3      | 1018/3000 [1:39:45<2:45:16,  5.00s/it]
 34%|###3      | 1019/3000 [1:39:50<2:44:33,  4.98s/it]
 34%|###4      | 1020/3000 [1:39:55<2:47:11,  5.07s/it]
