[train] blocks: train=3378 val=63 seq_len=256
[train] params=12.3M vocab=32768 fp16=True grad_ckpt=True

  0%|          | 0/200 [00:00<?, ?it/s]
  0%|          | 1/200 [00:03<10:31,  3.18s/it]
  1%|1         | 2/200 [00:06<10:11,  3.09s/it]
  2%|1         | 3/200 [00:10<11:49,  3.60s/it]
  2%|2         | 4/200 [00:13<11:33,  3.54s/it]
  2%|2         | 5/200 [00:18<12:26,  3.83s/it]
  3%|3         | 6/200 [00:21<12:00,  3.72s/it]
  4%|3         | 7/200 [00:25<11:42,  3.64s/it]
  4%|4         | 8/200 [00:27<10:40,  3.34s/it]
  4%|4         | 9/200 [00:30<09:37,  3.02s/it]
  5%|5         | 10/200 [00:32<08:34,  2.71s/it]
                                                

  5%|5         | 10/200 [00:32<08:34,  2.71s/it]
  6%|5         | 11/200 [00:34<07:50,  2.49s/it]
  6%|6         | 12/200 [00:36<07:38,  2.44s/it]
  6%|6         | 13/200 [00:39<07:42,  2.47s/it]
  7%|7         | 14/200 [00:41<07:24,  2.39s/it]
  8%|7         | 15/200 [00:43<06:58,  2.26s/it]
  8%|8         | 16/200 [00:45<07:13,  2.36s/it]
  8%|8         | 17/200 [00:48<07:26,  2.44s/it]
  9%|9         | 18/200 [00:51<07:33,  2.49s/it]
 10%|9         | 19/200 [00:53<07:48,  2.59s/it]
 10%|#         | 20/200 [00:56<07:55,  2.64s/it]
                                                

 10%|#         | 20/200 [00:56<07:55,  2.64s/it]
 10%|#         | 21/200 [00:59<08:01,  2.69s/it]
 11%|#1        | 22/200 [01:01<07:51,  2.65s/it]
 12%|#1        | 23/200 [01:04<08:02,  2.72s/it]
 12%|#2        | 24/200 [01:08<08:36,  2.93s/it]
 12%|#2        | 25/200 [01:11<08:53,  3.05s/it]
 13%|#3        | 26/200 [01:14<09:06,  3.14s/it]
 14%|#3        | 27/200 [01:17<08:47,  3.05s/it]
 14%|#4        | 28/200 [01:21<09:01,  3.15s/it]
 14%|#4        | 29/200 [01:25<10:20,  3.63s/it]
 15%|#5        | 30/200 [01:30<10:49,  3.82s/it]
                                                

 15%|#5        | 30/200 [01:30<10:49,  3.82s/it]
 16%|#5        | 31/200 [01:33<10:31,  3.74s/it]
 16%|#6        | 32/200 [01:37<10:24,  3.72s/it]
 16%|#6        | 33/200 [01:40<10:03,  3.61s/it]
 17%|#7        | 34/200 [01:43<09:37,  3.48s/it]
 18%|#7        | 35/200 [01:47<10:00,  3.64s/it]
 18%|#8        | 36/200 [01:51<09:53,  3.62s/it]
 18%|#8        | 37/200 [01:53<08:51,  3.26s/it]
 19%|#9        | 38/200 [01:56<07:57,  2.94s/it]
 20%|#9        | 39/200 [01:58<07:13,  2.69s/it]
 20%|##        | 40/200 [02:00<06:40,  2.50s/it]
                                                

 20%|##        | 40/200 [02:00<06:40,  2.50s/it]
 20%|##        | 41/200 [02:02<06:14,  2.35s/it]
 21%|##1       | 42/200 [02:04<05:58,  2.27s/it]
 22%|##1       | 43/200 [02:06<05:47,  2.22s/it]
 22%|##2       | 44/200 [02:08<05:31,  2.12s/it]
 22%|##2       | 45/200 [02:10<05:23,  2.09s/it]
 23%|##3       | 46/200 [02:12<05:09,  2.01s/it]
 24%|##3       | 47/200 [02:14<05:13,  2.05s/it]
 24%|##4       | 48/200 [02:17<05:41,  2.24s/it]
 24%|##4       | 49/200 [02:19<05:50,  2.32s/it]
 25%|##5       | 50/200 [02:21<05:48,  2.32s/it]
                                                

 25%|##5       | 50/200 [02:21<05:48,  2.32s/it]
{'loss': '10.06', 'grad_norm': '1.801', 'learning_rate': '0.00036', 'epoch': '0.09473'}
{'loss': '8.958', 'grad_norm': '1.73', 'learning_rate': '0.0003978', 'epoch': '0.1895'}
{'loss': '7.832', 'grad_norm': '1.528', 'learning_rate': '0.0003902', 'epoch': '0.2842'}
{'loss': '6.961', 'grad_norm': '1.05', 'learning_rate': '0.0003774', 'epoch': '0.3789'}
{'loss': '6.394', 'grad_norm': '0.7165', 'learning_rate': '0.0003598', 'epoch': '0.4737'}

  0%|          | 0/16 [00:00<?, ?it/s][A

 38%|###7      | 6/16 [00:00<00:00, 52.99it/s][A

 75%|#######5  | 12/16 [00:00<00:00, 47.31it/s][A
                                                


                                               
[A
 25%|##5       | 50/200 [02:22<05:48,  2.32s/it]

100%|##########| 16/16 [00:00<00:00, 47.31it/s][A

{'eval_loss': '6.146', 'eval_runtime': '0.4037', 'eval_samples_per_second': '156.1', 'eval_steps_per_second': '39.64', 'epoch': '0.4737'}
                                               [A

Writing model shards:   0%|          | 0/1 [00:00<?, ?it/s][A
Writing model shards: 100%|##########| 1/1 [00:00<00:00, 11.52it/s]

 26%|##5       | 51/200 [02:24<06:19,  2.55s/it]
 26%|##6       | 52/200 [02:27<05:54,  2.40s/it]
 26%|##6       | 53/200 [02:29<05:53,  2.40s/it]
 27%|##7       | 54/200 [02:31<05:56,  2.44s/it]
 28%|##7       | 55/200 [02:34<05:53,  2.44s/it]
 28%|##8       | 56/200 [02:36<05:43,  2.39s/it]
 28%|##8       | 57/200 [02:39<05:43,  2.40s/it]
 29%|##9       | 58/200 [02:41<05:40,  2.40s/it]
 30%|##9       | 59/200 [02:43<05:31,  2.35s/it]
 30%|###       | 60/200 [02:46<05:35,  2.39s/it]
                                                

 30%|###       | 60/200 [02:46<05:35,  2.39s/it]
 30%|###       | 61/200 [02:48<05:37,  2.43s/it]
 31%|###1      | 62/200 [02:51<05:34,  2.43s/it]
 32%|###1      | 63/200 [02:53<05:36,  2.46s/it]
 32%|###2      | 64/200 [02:56<05:35,  2.47s/it]
 32%|###2      | 65/200 [02:58<05:42,  2.54s/it]
 33%|###3      | 66/200 [03:01<05:27,  2.44s/it]
 34%|###3      | 67/200 [03:03<05:13,  2.35s/it]
 34%|###4      | 68/200 [03:05<04:47,  2.18s/it]
 34%|###4      | 69/200 [03:07<05:04,  2.32s/it]
 35%|###5      | 70/200 [03:11<05:51,  2.70s/it]
                                                

 35%|###5      | 70/200 [03:11<05:51,  2.70s/it]
 36%|###5      | 71/200 [03:19<09:10,  4.27s/it]
 36%|###6      | 72/200 [03:25<10:25,  4.89s/it]
 36%|###6      | 73/200 [03:29<09:33,  4.52s/it]
 37%|###7      | 74/200 [03:33<09:06,  4.34s/it]
 38%|###7      | 75/200 [03:35<07:52,  3.78s/it]
 38%|###8      | 76/200 [03:38<07:01,  3.40s/it]
 38%|###8      | 77/200 [03:41<07:01,  3.43s/it]
 39%|###9      | 78/200 [03:44<06:43,  3.31s/it]
 40%|###9      | 79/200 [03:46<06:00,  2.98s/it]
 40%|####      | 80/200 [03:49<05:35,  2.80s/it]
                                                

 40%|####      | 80/200 [03:49<05:35,  2.80s/it]
 40%|####      | 81/200 [03:51<05:30,  2.78s/it]
 41%|####1     | 82/200 [03:54<05:16,  2.68s/it]
 42%|####1     | 83/200 [03:57<05:13,  2.68s/it]
 42%|####2     | 84/200 [03:59<05:05,  2.64s/it]
 42%|####2     | 85/200 [04:02<05:14,  2.74s/it]
 43%|####3     | 86/200 [04:05<05:04,  2.67s/it]
 44%|####3     | 87/200 [04:08<05:37,  2.98s/it]
 44%|####4     | 88/200 [04:11<05:31,  2.96s/it]
 44%|####4     | 89/200 [04:15<06:09,  3.33s/it]
 45%|####5     | 90/200 [04:20<06:57,  3.79s/it]
                                                

 45%|####5     | 90/200 [04:20<06:57,  3.79s/it]
 46%|####5     | 91/200 [04:26<07:44,  4.26s/it]
 46%|####6     | 92/200 [04:31<08:02,  4.47s/it]
 46%|####6     | 93/200 [04:36<08:31,  4.78s/it]
 47%|####6     | 94/200 [04:41<08:17,  4.70s/it]
 48%|####7     | 95/200 [04:46<08:28,  4.84s/it]
 48%|####8     | 96/200 [04:53<09:29,  5.48s/it]
 48%|####8     | 97/200 [04:59<09:36,  5.60s/it]
 49%|####9     | 98/200 [05:05<09:55,  5.84s/it]
 50%|####9     | 99/200 [05:11<09:40,  5.75s/it]
 50%|#####     | 100/200 [05:16<09:21,  5.61s/it]
                                                 

{'loss': '6.191', 'grad_norm': '0.9568', 'learning_rate': '0.0003379', 'epoch': '0.5684'}
 50%|#####     | 100/200 [05:16<09:21,  5.61s/it]
{'loss': '6.045', 'grad_norm': '1.206', 'learning_rate': '0.0003121', 'epoch': '0.6631'}
{'loss': '5.817', 'grad_norm': '0.9367', 'learning_rate': '0.0002834', 'epoch': '0.7578'}
{'loss': '5.641', 'grad_norm': '1.077', 'learning_rate': '0.0002523', 'epoch': '0.8526'}
{'loss': '5.546', 'grad_norm': '0.871', 'learning_rate': '0.0002198', 'epoch': '0.9473'}

  0%|          | 0/16 [00:00<?, ?it/s][A

 38%|###7      | 6/16 [00:00<00:00, 51.42it/s][A

 75%|#######5  | 12/16 [00:00<00:00, 41.13it/s][A
                                                 


                                               
[A
 50%|#####     | 100/200 [05:16<09:21,  5.61s/it]

100%|##########| 16/16 [00:00<00:00, 41.13it/s][A

{'eval_loss': '5.285', 'eval_runtime': '0.4149', 'eval_samples_per_second': '151.8', 'eval_steps_per_second': '38.56', 'epoch': '0.9473'}
                                               [A

Writing model shards:   0%|          | 0/1 [00:00<?, ?it/s][A
Writing model shards: 100%|##########| 1/1 [00:00<00:00, 10.94it/s]

 50%|#####     | 101/200 [05:22<09:25,  5.71s/it]
 51%|#####1    | 102/200 [05:26<08:43,  5.35s/it]
 52%|#####1    | 103/200 [05:30<07:54,  4.89s/it]
 52%|#####2    | 104/200 [05:34<07:27,  4.66s/it]
 52%|#####2    | 105/200 [05:39<07:14,  4.57s/it]
 53%|#####3    | 106/200 [05:41<06:00,  3.84s/it]
 54%|#####3    | 107/200 [05:45<06:01,  3.88s/it]
 54%|#####4    | 108/200 [05:49<05:59,  3.90s/it]
 55%|#####4    | 109/200 [05:52<05:52,  3.88s/it]
 55%|#####5    | 110/200 [05:56<05:47,  3.86s/it]
                                                 

 55%|#####5    | 110/200 [05:56<05:47,  3.86s/it]
 56%|#####5    | 111/200 [06:00<05:38,  3.81s/it]
