[sft] pairs: train=18752 val=500 ctx=512 epochs=2
[sft] tokenizer has no pad token -> pad = eos
[sft] base=E:\python_projects\nano_SLMs\runs\target\final params=226.5M fp16=True grad_ckpt=True
{'loss': '1.304', 'grad_norm': '1.885', 'learning_rate': '1.47e-05', 'epoch': '0.04266'}
{'loss': '0.9143', 'grad_norm': '1.622', 'learning_rate': '2.97e-05', 'epoch': '0.08532'}
{'loss': '0.7216', 'grad_norm': '1.02', 'learning_rate': '2.996e-05', 'epoch': '0.128'}
{'loss': '0.5411', 'grad_norm': '1.389', 'learning_rate': '2.986e-05', 'epoch': '0.1706'}
{'loss': '0.5753', 'grad_norm': '1.787', 'learning_rate': '2.967e-05', 'epoch': '0.2133'}
{'eval_loss': '0.399', 'eval_runtime': '7.404', 'eval_samples_per_second': '67.53', 'eval_steps_per_second': '16.88', 'epoch': '0.2133'}
{'loss': '0.4583', 'grad_norm': '1.627', 'learning_rate': '2.942e-05', 'epoch': '0.256'}
{'loss': '0.4498', 'grad_norm': '1.11', 'learning_rate': '2.91e-05', 'epoch': '0.2986'}
{'loss': '0.466', 'grad_norm': '1.395', 'learning_rate': '2.87e-05', 'epoch': '0.3413'}
{'loss': '0.4155', 'grad_norm': '1.633', 'learning_rate': '2.824e-05', 'epoch': '0.384'}
{'loss': '0.3958', 'grad_norm': '1.341', 'learning_rate': '2.772e-05', 'epoch': '0.4266'}
{'eval_loss': '0.327', 'eval_runtime': '7.429', 'eval_samples_per_second': '67.31', 'eval_steps_per_second': '16.83', 'epoch': '0.4266'}
{'loss': '0.4004', 'grad_norm': '1.525', 'learning_rate': '2.713e-05', 'epoch': '0.4693'}
{'loss': '0.3859', 'grad_norm': '1.281', 'learning_rate': '2.649e-05', 'epoch': '0.5119'}
{'loss': '0.3996', 'grad_norm': '1.289', 'learning_rate': '2.578e-05', 'epoch': '0.5546'}
{'loss': '0.3691', 'grad_norm': '1.636', 'learning_rate': '2.503e-05', 'epoch': '0.5973'}
{'loss': '0.3946', 'grad_norm': '1.345', 'learning_rate': '2.422e-05', 'epoch': '0.6399'}
{'eval_loss': '0.2878', 'eval_runtime': '6.922', 'eval_samples_per_second': '72.23', 'eval_steps_per_second': '18.06', 'epoch': '0.6399'}
{'loss': '0.4227', 'grad_norm': '0.9488', 'learning_rate': '2.337e-05', 'epoch': '0.6826'}
{'loss': '0.3506', 'grad_norm': '1.505', 'learning_rate': '2.248e-05', 'epoch': '0.7253'}
{'loss': '0.3111', 'grad_norm': '1.015', 'learning_rate': '2.155e-05', 'epoch': '0.7679'}
{'loss': '0.3655', 'grad_norm': '1.326', 'learning_rate': '2.059e-05', 'epoch': '0.8106'}
{'loss': '0.3169', 'grad_norm': '1.11', 'learning_rate': '1.961e-05', 'epoch': '0.8532'}
{'eval_loss': '0.2681', 'eval_runtime': '6.96', 'eval_samples_per_second': '71.83', 'eval_steps_per_second': '17.96', 'epoch': '0.8532'}
{'loss': '0.3612', 'grad_norm': '0.1296', 'learning_rate': '1.86e-05', 'epoch': '0.8959'}
{'loss': '0.3247', 'grad_norm': '1.292', 'learning_rate': '1.757e-05', 'epoch': '0.9386'}
{'loss': '0.3633', 'grad_norm': '0.8909', 'learning_rate': '1.653e-05', 'epoch': '0.9812'}
{'loss': '0.2677', 'grad_norm': '0.7422', 'learning_rate': '1.548e-05', 'epoch': '1.024'}
{'loss': '0.2109', 'grad_norm': '1.193', 'learning_rate': '1.443e-05', 'epoch': '1.067'}
{'eval_loss': '0.262', 'eval_runtime': '7.844', 'eval_samples_per_second': '63.74', 'eval_steps_per_second': '15.94', 'epoch': '1.067'}
{'loss': '0.2344', 'grad_norm': '0.5704', 'learning_rate': '1.339e-05', 'epoch': '1.109'}
{'loss': '0.2349', 'grad_norm': '0.3708', 'learning_rate': '1.235e-05', 'epoch': '1.152'}
{'loss': '0.175', 'grad_norm': '0.6991', 'learning_rate': '1.132e-05', 'epoch': '1.195'}
{'loss': '0.2384', 'grad_norm': '0.96', 'learning_rate': '1.031e-05', 'epoch': '1.237'}
{'loss': '0.2018', 'grad_norm': '0.8422', 'learning_rate': '9.328e-06', 'epoch': '1.28'}
{'eval_loss': '0.252', 'eval_runtime': '6.418', 'eval_samples_per_second': '77.9', 'eval_steps_per_second': '19.48', 'epoch': '1.28'}
{'loss': '0.2104', 'grad_norm': '1.215', 'learning_rate': '8.37e-06', 'epoch': '1.323'}
{'loss': '0.1917', 'grad_norm': '1.244', 'learning_rate': '7.446e-06', 'epoch': '1.365'}
{'loss': '0.2301', 'grad_norm': '1.081', 'learning_rate': '6.558e-06', 'epoch': '1.408'}
{'loss': '0.192', 'grad_norm': '0.7305', 'learning_rate': '5.711e-06', 'epoch': '1.451'}
{'loss': '0.1987', 'grad_norm': '0.5309', 'learning_rate': '4.91e-06', 'epoch': '1.493'}
{'eval_loss': '0.2475', 'eval_runtime': '6.362', 'eval_samples_per_second': '78.59', 'eval_steps_per_second': '19.65', 'epoch': '1.493'}
{'loss': '0.2177', 'grad_norm': '1.161', 'learning_rate': '4.158e-06', 'epoch': '1.536'}
{'loss': '0.2197', 'grad_norm': '0.9433', 'learning_rate': '3.46e-06', 'epoch': '1.578'}
{'loss': '0.168', 'grad_norm': '0.789', 'learning_rate': '2.818e-06', 'epoch': '1.621'}
{'loss': '0.2645', 'grad_norm': '0.4768', 'learning_rate': '2.236e-06', 'epoch': '1.664'}
{'loss': '0.2126', 'grad_norm': '1.239', 'learning_rate': '1.716e-06', 'epoch': '1.706'}
{'eval_loss': '0.2433', 'eval_runtime': '7.908', 'eval_samples_per_second': '63.23', 'eval_steps_per_second': '15.81', 'epoch': '1.706'}
{'loss': '0.2112', 'grad_norm': '0.8698', 'learning_rate': '1.261e-06', 'epoch': '1.749'}
{'loss': '0.1968', 'grad_norm': '0.3207', 'learning_rate': '8.737e-07', 'epoch': '1.792'}
{'loss': '0.2079', 'grad_norm': '1.026', 'learning_rate': '5.555e-07', 'epoch': '1.834'}
{'loss': '0.2353', 'grad_norm': '1.047', 'learning_rate': '3.08e-07', 'epoch': '1.877'}
{'loss': '0.2334', 'grad_norm': '0.5125', 'learning_rate': '1.325e-07', 'epoch': '1.92'}
{'eval_loss': '0.2421', 'eval_runtime': '9.382', 'eval_samples_per_second': '53.29', 'eval_steps_per_second': '13.32', 'epoch': '1.92'}
{'loss': '0.2018', 'grad_norm': '1.356', 'learning_rate': '2.976e-08', 'epoch': '1.962'}
{'eval_loss': '0.2421', 'eval_runtime': '7.335', 'eval_samples_per_second': '68.17', 'eval_steps_per_second': '17.04', 'epoch': '2'}
{'train_runtime': '8650', 'train_samples_per_second': '4.336', 'train_steps_per_second': '0.271', 'train_loss': '0.3444', 'epoch': '2'}
[final] summary: {"phase": "sft_v2", "base_model": "runs/target/final", "pilot": false, "pairs": 18752, "params_m": 226.53, "best_eval_loss": 0.24213065207004547, "best_checkpoint": "E:\\python_projects\\nano_SLMs\\runs\\sft_v2\\checkpoint-2344", "final_eval": {"eval_loss": 0.24213065207004547, "eval_runtime": 9.0786, "eval_samples_per_second": 55.075, "eval_steps_per_second": 13.769, "epoch": 2.0}, "resumed_from": null}
