{'phase': 'pilot128', 'device': 'cuda', 'params': 30016128, 'train_windows': 51280, 'val_windows': 8060}
[START] fresh (zero flags, checkpoint rotates every save_every)
step 100 loss 0.9976 val_loss 0.9728 val_acc 0.6608 elapsed 23s
E:\python_projects\nano_SLMs\diacritizer\scripts\train.py:128: UserWarning: Converting a tensor with requires_grad=True to a scalar may lead to unexpected behavior.
Consider using tensor.detach() first. (Triggered internally at C:\actions-runner\_work\pytorch\pytorch\torch\csrc\autograd\generated\python_variable_methods.cpp:821.)
  print(f"step {step} loss {float(loss_sum):.4f} val_loss {vl:.4f} "
step 200 loss 0.6315 val_loss 0.6462 val_acc 0.7770 elapsed 47s
[SAVE] E:\python_projects\nano_SLMs\runs\diac\pilot128\checkpoint-200
step 300 loss 0.5332 val_loss 0.5117 val_acc 0.8247 elapsed 71s
step 400 loss 0.3971 val_loss 0.4341 val_acc 0.8523 elapsed 96s
[SAVE] E:\python_projects\nano_SLMs\runs\diac\pilot128\checkpoint-400
step 500 loss 0.3418 val_loss 0.3872 val_acc 0.8692 elapsed 121s
step 600 loss 0.2925 val_loss 0.3450 val_acc 0.8832 elapsed 146s
[SAVE] E:\python_projects\nano_SLMs\runs\diac\pilot128\checkpoint-600
step 700 loss 0.2958 val_loss 0.3248 val_acc 0.8915 elapsed 172s
step 800 loss 0.3194 val_loss 0.3027 val_acc 0.8990 elapsed 197s
[SAVE] E:\python_projects\nano_SLMs\runs\diac\pilot128\checkpoint-800
step 900 loss 0.2784 val_loss 0.2902 val_acc 0.9025 elapsed 224s
step 1000 loss 0.2524 val_loss 0.2707 val_acc 0.9090 elapsed 249s
[SAVE] E:\python_projects\nano_SLMs\runs\diac\pilot128\checkpoint-1000
{'done': 1000, 'final': 'E:\\python_projects\\nano_SLMs\\runs\\diac\\pilot128\\final'}
{'phase': 'pilot128', 'device': 'cuda', 'params': 30016128, 'train_windows': 51280, 'val_windows': 8060}
[RESUME] from checkpoint-1000 step 1000
step 1100 loss 0.2711 val_loss 0.2632 val_acc 0.9117 elapsed 23s
E:\python_projects\nano_SLMs\diacritizer\scripts\train.py:128: UserWarning: Converting a tensor with requires_grad=True to a scalar may lead to unexpected behavior.
Consider using tensor.detach() first. (Triggered internally at C:\actions-runner\_work\pytorch\pytorch\torch\csrc\autograd\generated\python_variable_methods.cpp:821.)
  print(f"step {step} loss {float(loss_sum):.4f} val_loss {vl:.4f} "
step 1200 loss 0.2051 val_loss 0.2544 val_acc 0.9153 elapsed 47s
[SAVE] E:\python_projects\nano_SLMs\runs\diac\pilot128\checkpoint-1200
step 1300 loss 0.2260 val_loss 0.2466 val_acc 0.9170 elapsed 71s
step 1400 loss 0.1762 val_loss 0.2389 val_acc 0.9206 elapsed 95s
[SAVE] E:\python_projects\nano_SLMs\runs\diac\pilot128\checkpoint-1400
step 1500 loss 0.1725 val_loss 0.2354 val_acc 0.9222 elapsed 120s
step 1600 loss 0.1543 val_loss 0.2306 val_acc 0.9228 elapsed 147s
[SAVE] E:\python_projects\nano_SLMs\runs\diac\pilot128\checkpoint-1600
step 1700 loss 0.1626 val_loss 0.2257 val_acc 0.9248 elapsed 174s
step 1800 loss 0.2251 val_loss 0.2270 val_acc 0.9248 elapsed 201s
[SAVE] E:\python_projects\nano_SLMs\runs\diac\pilot128\checkpoint-1800
step 1900 loss 0.1605 val_loss 0.2245 val_acc 0.9265 elapsed 231s
step 2000 loss 0.1714 val_loss 0.2218 val_acc 0.9272 elapsed 263s
[SAVE] E:\python_projects\nano_SLMs\runs\diac\pilot128\checkpoint-2000
step 2100 loss 0.1451 val_loss 0.2137 val_acc 0.9293 elapsed 292s
step 2200 loss 0.1808 val_loss 0.2063 val_acc 0.9319 elapsed 317s
[SAVE] E:\python_projects\nano_SLMs\runs\diac\pilot128\checkpoint-2200
step 2300 loss 0.1729 val_loss 0.2004 val_acc 0.9333 elapsed 344s
step 2400 loss 0.1616 val_loss 0.1994 val_acc 0.9342 elapsed 375s
[SAVE] E:\python_projects\nano_SLMs\runs\diac\pilot128\checkpoint-2400
step 2500 loss 0.1917 val_loss 0.1993 val_acc 0.9342 elapsed 402s
step 2600 loss 0.1525 val_loss 0.1939 val_acc 0.9358 elapsed 434s
[SAVE] E:\python_projects\nano_SLMs\runs\diac\pilot128\checkpoint-2600
step 2700 loss 0.1612 val_loss 0.1935 val_acc 0.9358 elapsed 460s
step 2800 loss 0.1405 val_loss 0.1880 val_acc 0.9375 elapsed 486s
[SAVE] E:\python_projects\nano_SLMs\runs\diac\pilot128\checkpoint-2800
step 2900 loss 0.1420 val_loss 0.1876 val_acc 0.9385 elapsed 512s
step 3000 loss 0.2040 val_loss 0.1850 val_acc 0.9391 elapsed 538s
[SAVE] E:\python_projects\nano_SLMs\runs\diac\pilot128\checkpoint-3000
step 3100 loss 0.1625 val_loss 0.1842 val_acc 0.9395 elapsed 564s
step 3200 loss 0.1963 val_loss 0.1816 val_acc 0.9409 elapsed 590s
[SAVE] E:\python_projects\nano_SLMs\runs\diac\pilot128\checkpoint-3200
step 3300 loss 0.1504 val_loss 0.1818 val_acc 0.9405 elapsed 617s
step 3400 loss 0.1405 val_loss 0.1769 val_acc 0.9422 elapsed 643s
[SAVE] E:\python_projects\nano_SLMs\runs\diac\pilot128\checkpoint-3400
step 3500 loss 0.1164 val_loss 0.1778 val_acc 0.9418 elapsed 669s
step 3600 loss 0.1174 val_loss 0.1775 val_acc 0.9424 elapsed 695s
[SAVE] E:\python_projects\nano_SLMs\runs\diac\pilot128\checkpoint-3600
step 3700 loss 0.1212 val_loss 0.1756 val_acc 0.9428 elapsed 721s
step 3800 loss 0.1270 val_loss 0.1732 val_acc 0.9429 elapsed 747s
[SAVE] E:\python_projects\nano_SLMs\runs\diac\pilot128\checkpoint-3800
step 3900 loss 0.1478 val_loss 0.1722 val_acc 0.9433 elapsed 773s
step 4000 loss 0.1667 val_loss 0.1722 val_acc 0.9440 elapsed 799s
[SAVE] E:\python_projects\nano_SLMs\runs\diac\pilot128\checkpoint-4000
step 4100 loss 0.1237 val_loss 0.1719 val_acc 0.9443 elapsed 826s
step 4200 loss 0.1358 val_loss 0.1720 val_acc 0.9441 elapsed 851s
[SAVE] E:\python_projects\nano_SLMs\runs\diac\pilot128\checkpoint-4200
step 4300 loss 0.1253 val_loss 0.1678 val_acc 0.9452 elapsed 879s
step 4400 loss 0.1212 val_loss 0.1691 val_acc 0.9457 elapsed 904s
[SAVE] E:\python_projects\nano_SLMs\runs\diac\pilot128\checkpoint-4400
step 4500 loss 0.1596 val_loss 0.1684 val_acc 0.9449 elapsed 930s
step 4600 loss 0.1173 val_loss 0.1679 val_acc 0.9454 elapsed 956s
[SAVE] E:\python_projects\nano_SLMs\runs\diac\pilot128\checkpoint-4600
step 4700 loss 0.1170 val_loss 0.1683 val_acc 0.9458 elapsed 982s
step 4800 loss 0.0996 val_loss 0.1674 val_acc 0.9468 elapsed 1008s
[SAVE] E:\python_projects\nano_SLMs\runs\diac\pilot128\checkpoint-4800
step 4900 loss 0.1011 val_loss 0.1648 val_acc 0.9473 elapsed 1034s
step 5000 loss 0.1044 val_loss 0.1651 val_acc 0.9465 elapsed 1061s
[SAVE] E:\python_projects\nano_SLMs\runs\diac\pilot128\checkpoint-5000
step 5100 loss 0.0964 val_loss 0.1646 val_acc 0.9474 elapsed 1096s
step 5200 loss 0.0795 val_loss 0.1643 val_acc 0.9474 elapsed 1122s
[SAVE] E:\python_projects\nano_SLMs\runs\diac\pilot128\checkpoint-5200
step 5300 loss 0.0803 val_loss 0.1627 val_acc 0.9480 elapsed 1148s
step 5400 loss 0.1326 val_loss 0.1641 val_acc 0.9476 elapsed 1174s
[SAVE] E:\python_projects\nano_SLMs\runs\diac\pilot128\checkpoint-5400
step 5500 loss 0.0755 val_loss 0.1614 val_acc 0.9486 elapsed 1204s
step 5600 loss 0.1192 val_loss 0.1592 val_acc 0.9487 elapsed 1233s
[SAVE] E:\python_projects\nano_SLMs\runs\diac\pilot128\checkpoint-5600
step 5700 loss 0.0845 val_loss 0.1613 val_acc 0.9485 elapsed 1263s
step 5800 loss 0.0900 val_loss 0.1634 val_acc 0.9486 elapsed 1293s
[SAVE] E:\python_projects\nano_SLMs\runs\diac\pilot128\checkpoint-5800
step 5900 loss 0.0917 val_loss 0.1652 val_acc 0.9481 elapsed 1323s
step 6000 loss 0.0963 val_loss 0.1593 val_acc 0.9487 elapsed 1352s
[SAVE] E:\python_projects\nano_SLMs\runs\diac\pilot128\checkpoint-6000
step 6100 loss 0.1193 val_loss 0.1660 val_acc 0.9488 elapsed 1384s
step 6200 loss 0.1128 val_loss 0.1638 val_acc 0.9488 elapsed 1414s
[SAVE] E:\python_projects\nano_SLMs\runs\diac\pilot128\checkpoint-6200
step 6300 loss 0.1052 val_loss 0.1644 val_acc 0.9494 elapsed 1444s
step 6400 loss 0.1157 val_loss 0.1620 val_acc 0.9494 elapsed 1471s
[SAVE] E:\python_projects\nano_SLMs\runs\diac\pilot128\checkpoint-6400
step 6500 loss 0.0884 val_loss 0.1605 val_acc 0.9492 elapsed 1498s
step 6600 loss 0.0849 val_loss 0.1632 val_acc 0.9488 elapsed 1524s
[SAVE] E:\python_projects\nano_SLMs\runs\diac\pilot128\checkpoint-6600
step 6700 loss 0.0662 val_loss 0.1586 val_acc 0.9495 elapsed 1550s
step 6800 loss 0.0646 val_loss 0.1613 val_acc 0.9494 elapsed 1576s
[SAVE] E:\python_projects\nano_SLMs\runs\diac\pilot128\checkpoint-6800
step 6900 loss 0.1085 val_loss 0.1610 val_acc 0.9496 elapsed 1602s
step 7000 loss 0.0792 val_loss 0.1597 val_acc 0.9499 elapsed 1628s
[SAVE] E:\python_projects\nano_SLMs\runs\diac\pilot128\checkpoint-7000
step 7100 loss 0.0590 val_loss 0.1598 val_acc 0.9501 elapsed 1654s
step 7200 loss 0.0866 val_loss 0.1615 val_acc 0.9501 elapsed 1679s
[SAVE] E:\python_projects\nano_SLMs\runs\diac\pilot128\checkpoint-7200
step 7300 loss 0.0699 val_loss 0.1634 val_acc 0.9493 elapsed 1706s
step 7400 loss 0.0722 val_loss 0.1613 val_acc 0.9506 elapsed 1731s
[SAVE] E:\python_projects\nano_SLMs\runs\diac\pilot128\checkpoint-7400
step 7500 loss 0.0871 val_loss 0.1602 val_acc 0.9503 elapsed 1758s
step 7600 loss 0.0880 val_loss 0.1623 val_acc 0.9507 elapsed 1783s
[SAVE] E:\python_projects\nano_SLMs\runs\diac\pilot128\checkpoint-7600
step 7700 loss 0.0807 val_loss 0.1598 val_acc 0.9512 elapsed 1809s
step 7800 loss 0.0860 val_loss 0.1604 val_acc 0.9503 elapsed 1835s
[SAVE] E:\python_projects\nano_SLMs\runs\diac\pilot128\checkpoint-7800
step 7900 loss 0.0816 val_loss 0.1620 val_acc 0.9507 elapsed 1861s
step 8000 loss 0.0721 val_loss 0.1587 val_acc 0.9507 elapsed 1887s
[SAVE] E:\python_projects\nano_SLMs\runs\diac\pilot128\checkpoint-8000
step 8100 loss 0.0634 val_loss 0.1582 val_acc 0.9517 elapsed 1912s
step 8200 loss 0.0849 val_loss 0.1583 val_acc 0.9512 elapsed 1938s
[SAVE] E:\python_projects\nano_SLMs\runs\diac\pilot128\checkpoint-8200
step 8300 loss 0.0611 val_loss 0.1609 val_acc 0.9514 elapsed 1964s
step 8400 loss 0.0800 val_loss 0.1651 val_acc 0.9509 elapsed 1989s
[SAVE] E:\python_projects\nano_SLMs\runs\diac\pilot128\checkpoint-8400
step 8500 loss 0.0758 val_loss 0.1649 val_acc 0.9511 elapsed 2015s
step 8600 loss 0.0514 val_loss 0.1623 val_acc 0.9513 elapsed 2041s
[SAVE] E:\python_projects\nano_SLMs\runs\diac\pilot128\checkpoint-8600
step 8700 loss 0.0747 val_loss 0.1614 val_acc 0.9512 elapsed 2067s
step 8800 loss 0.0654 val_loss 0.1631 val_acc 0.9508 elapsed 2092s
[SAVE] E:\python_projects\nano_SLMs\runs\diac\pilot128\checkpoint-8800
step 8900 loss 0.0721 val_loss 0.1619 val_acc 0.9516 elapsed 2118s
step 9000 loss 0.0715 val_loss 0.1616 val_acc 0.9517 elapsed 2144s
[SAVE] E:\python_projects\nano_SLMs\runs\diac\pilot128\checkpoint-9000
step 9100 loss 0.1030 val_loss 0.1623 val_acc 0.9513 elapsed 2170s
step 9200 loss 0.0431 val_loss 0.1652 val_acc 0.9520 elapsed 2196s
[SAVE] E:\python_projects\nano_SLMs\runs\diac\pilot128\checkpoint-9200
step 9300 loss 0.0854 val_loss 0.1605 val_acc 0.9521 elapsed 2222s
step 9400 loss 0.0668 val_loss 0.1621 val_acc 0.9518 elapsed 2247s
[SAVE] E:\python_projects\nano_SLMs\runs\diac\pilot128\checkpoint-9400
step 9500 loss 0.0712 val_loss 0.1616 val_acc 0.9517 elapsed 2273s
step 9600 loss 0.0773 val_loss 0.1664 val_acc 0.9517 elapsed 2298s
[SAVE] E:\python_projects\nano_SLMs\runs\diac\pilot128\checkpoint-9600
step 9700 loss 0.0579 val_loss 0.1607 val_acc 0.9528 elapsed 2323s
step 9800 loss 0.0798 val_loss 0.1626 val_acc 0.9520 elapsed 2349s
[SAVE] E:\python_projects\nano_SLMs\runs\diac\pilot128\checkpoint-9800
step 9900 loss 0.0715 val_loss 0.1623 val_acc 0.9522 elapsed 2374s
step 10000 loss 0.0648 val_loss 0.1660 val_acc 0.9516 elapsed 2400s
[SAVE] E:\python_projects\nano_SLMs\runs\diac\pilot128\checkpoint-10000
step 10100 loss 0.0618 val_loss 0.1619 val_acc 0.9518 elapsed 2426s
step 10200 loss 0.0783 val_loss 0.1660 val_acc 0.9513 elapsed 2451s
[SAVE] E:\python_projects\nano_SLMs\runs\diac\pilot128\checkpoint-10200
step 10300 loss 0.0582 val_loss 0.1609 val_acc 0.9525 elapsed 2477s
step 10400 loss 0.0530 val_loss 0.1645 val_acc 0.9522 elapsed 2502s
[SAVE] E:\python_projects\nano_SLMs\runs\diac\pilot128\checkpoint-10400
step 10500 loss 0.0611 val_loss 0.1649 val_acc 0.9521 elapsed 2528s
step 10600 loss 0.0516 val_loss 0.1657 val_acc 0.9516 elapsed 2554s
[SAVE] E:\python_projects\nano_SLMs\runs\diac\pilot128\checkpoint-10600
step 10700 loss 0.0409 val_loss 0.1648 val_acc 0.9523 elapsed 2580s
step 10800 loss 0.0532 val_loss 0.1627 val_acc 0.9531 elapsed 2605s
[SAVE] E:\python_projects\nano_SLMs\runs\diac\pilot128\checkpoint-10800
step 10900 loss 0.0596 val_loss 0.1634 val_acc 0.9523 elapsed 2631s
step 11000 loss 0.0411 val_loss 0.1674 val_acc 0.9519 elapsed 2656s
[SAVE] E:\python_projects\nano_SLMs\runs\diac\pilot128\checkpoint-11000
step 11100 loss 0.0434 val_loss 0.1658 val_acc 0.9518 elapsed 2682s
step 11200 loss 0.0592 val_loss 0.1680 val_acc 0.9524 elapsed 2707s
[SAVE] E:\python_projects\nano_SLMs\runs\diac\pilot128\checkpoint-11200
step 11300 loss 0.0474 val_loss 0.1671 val_acc 0.9525 elapsed 2733s
step 11400 loss 0.0486 val_loss 0.1650 val_acc 0.9524 elapsed 2759s
[SAVE] E:\python_projects\nano_SLMs\runs\diac\pilot128\checkpoint-11400
step 11500 loss 0.0677 val_loss 0.1644 val_acc 0.9533 elapsed 2784s
step 11600 loss 0.0701 val_loss 0.1645 val_acc 0.9525 elapsed 2809s
[SAVE] E:\python_projects\nano_SLMs\runs\diac\pilot128\checkpoint-11600
step 11700 loss 0.0694 val_loss 0.1670 val_acc 0.9530 elapsed 2835s
step 11800 loss 0.0459 val_loss 0.1656 val_acc 0.9531 elapsed 2860s
[SAVE] E:\python_projects\nano_SLMs\runs\diac\pilot128\checkpoint-11800
step 11900 loss 0.0389 val_loss 0.1660 val_acc 0.9527 elapsed 2886s
step 12000 loss 0.0478 val_loss 0.1703 val_acc 0.9524 elapsed 2911s
[SAVE] E:\python_projects\nano_SLMs\runs\diac\pilot128\checkpoint-12000
step 12100 loss 0.0705 val_loss 0.1664 val_acc 0.9525 elapsed 2937s
step 12200 loss 0.0450 val_loss 0.1691 val_acc 0.9535 elapsed 2962s
[SAVE] E:\python_projects\nano_SLMs\runs\diac\pilot128\checkpoint-12200
step 12300 loss 0.0559 val_loss 0.1688 val_acc 0.9530 elapsed 2987s
step 12400 loss 0.0587 val_loss 0.1718 val_acc 0.9531 elapsed 3012s
[SAVE] E:\python_projects\nano_SLMs\runs\diac\pilot128\checkpoint-12400
step 12500 loss 0.0587 val_loss 0.1720 val_acc 0.9530 elapsed 3038s
step 12600 loss 0.0385 val_loss 0.1685 val_acc 0.9529 elapsed 3063s
[SAVE] E:\python_projects\nano_SLMs\runs\diac\pilot128\checkpoint-12600
step 12700 loss 0.0417 val_loss 0.1681 val_acc 0.9530 elapsed 3089s
step 12800 loss 0.0543 val_loss 0.1703 val_acc 0.9537 elapsed 3114s
[SAVE] E:\python_projects\nano_SLMs\runs\diac\pilot128\checkpoint-12800
step 12900 loss 0.0564 val_loss 0.1670 val_acc 0.9537 elapsed 3139s
step 13000 loss 0.0611 val_loss 0.1743 val_acc 0.9526 elapsed 3164s
[SAVE] E:\python_projects\nano_SLMs\runs\diac\pilot128\checkpoint-13000
step 13100 loss 0.0619 val_loss 0.1725 val_acc 0.9534 elapsed 3190s
step 13200 loss 0.0589 val_loss 0.1737 val_acc 0.9532 elapsed 3215s
[SAVE] E:\python_projects\nano_SLMs\runs\diac\pilot128\checkpoint-13200
step 13300 loss 0.0522 val_loss 0.1724 val_acc 0.9527 elapsed 3240s
step 13400 loss 0.0365 val_loss 0.1741 val_acc 0.9521 elapsed 3265s
[SAVE] E:\python_projects\nano_SLMs\runs\diac\pilot128\checkpoint-13400
step 13500 loss 0.0461 val_loss 0.1708 val_acc 0.9536 elapsed 3291s
step 13600 loss 0.0447 val_loss 0.1702 val_acc 0.9533 elapsed 3316s
[SAVE] E:\python_projects\nano_SLMs\runs\diac\pilot128\checkpoint-13600
step 13700 loss 0.0680 val_loss 0.1771 val_acc 0.9532 elapsed 3341s
step 13800 loss 0.0434 val_loss 0.1715 val_acc 0.9529 elapsed 3366s
[SAVE] E:\python_projects\nano_SLMs\runs\diac\pilot128\checkpoint-13800
step 13900 loss 0.0316 val_loss 0.1751 val_acc 0.9534 elapsed 3392s
step 14000 loss 0.0567 val_loss 0.1727 val_acc 0.9537 elapsed 3417s
[SAVE] E:\python_projects\nano_SLMs\runs\diac\pilot128\checkpoint-14000
step 14100 loss 0.0328 val_loss 0.1699 val_acc 0.9533 elapsed 3442s
step 14200 loss 0.0282 val_loss 0.1785 val_acc 0.9532 elapsed 3467s
[SAVE] E:\python_projects\nano_SLMs\runs\diac\pilot128\checkpoint-14200
step 14300 loss 0.0420 val_loss 0.1800 val_acc 0.9522 elapsed 3493s
step 14400 loss 0.0509 val_loss 0.1735 val_acc 0.9532 elapsed 3518s
[SAVE] E:\python_projects\nano_SLMs\runs\diac\pilot128\checkpoint-14400
step 14500 loss 0.0412 val_loss 0.1745 val_acc 0.9537 elapsed 3543s
step 14600 loss 0.0520 val_loss 0.1784 val_acc 0.9539 elapsed 3568s
[SAVE] E:\python_projects\nano_SLMs\runs\diac\pilot128\checkpoint-14600
step 14700 loss 0.0412 val_loss 0.1752 val_acc 0.9538 elapsed 3593s
step 14800 loss 0.0505 val_loss 0.1727 val_acc 0.9538 elapsed 3618s
[SAVE] E:\python_projects\nano_SLMs\runs\diac\pilot128\checkpoint-14800
step 14900 loss 0.0366 val_loss 0.1747 val_acc 0.9539 elapsed 3643s
step 15000 loss 0.0404 val_loss 0.1745 val_acc 0.9535 elapsed 3668s
[SAVE] E:\python_projects\nano_SLMs\runs\diac\pilot128\checkpoint-15000
step 15100 loss 0.0522 val_loss 0.1741 val_acc 0.9538 elapsed 3694s
step 15200 loss 0.0392 val_loss 0.1776 val_acc 0.9539 elapsed 3719s
[SAVE] E:\python_projects\nano_SLMs\runs\diac\pilot128\checkpoint-15200
step 15300 loss 0.0310 val_loss 0.1774 val_acc 0.9532 elapsed 3744s
step 15400 loss 0.0386 val_loss 0.1774 val_acc 0.9537 elapsed 3769s
[SAVE] E:\python_projects\nano_SLMs\runs\diac\pilot128\checkpoint-15400
step 15500 loss 0.0358 val_loss 0.1771 val_acc 0.9535 elapsed 3794s
step 15600 loss 0.0411 val_loss 0.1754 val_acc 0.9538 elapsed 3819s
[SAVE] E:\python_projects\nano_SLMs\runs\diac\pilot128\checkpoint-15600
step 15700 loss 0.0379 val_loss 0.1761 val_acc 0.9533 elapsed 3844s
step 15800 loss 0.0425 val_loss 0.1815 val_acc 0.9532 elapsed 3869s
[SAVE] E:\python_projects\nano_SLMs\runs\diac\pilot128\checkpoint-15800
step 15900 loss 0.0467 val_loss 0.1826 val_acc 0.9534 elapsed 3895s
step 16000 loss 0.0531 val_loss 0.1805 val_acc 0.9533 elapsed 3920s
[SAVE] E:\python_projects\nano_SLMs\runs\diac\pilot128\checkpoint-16000
step 16100 loss 0.0355 val_loss 0.1776 val_acc 0.9531 elapsed 3945s
step 16200 loss 0.0229 val_loss 0.1777 val_acc 0.9540 elapsed 3970s
[SAVE] E:\python_projects\nano_SLMs\runs\diac\pilot128\checkpoint-16200
step 16300 loss 0.0371 val_loss 0.1777 val_acc 0.9539 elapsed 3995s
step 16400 loss 0.0364 val_loss 0.1849 val_acc 0.9535 elapsed 4020s
[SAVE] E:\python_projects\nano_SLMs\runs\diac\pilot128\checkpoint-16400
step 16500 loss 0.0274 val_loss 0.1824 val_acc 0.9542 elapsed 4045s
step 16600 loss 0.0451 val_loss 0.1819 val_acc 0.9534 elapsed 4071s
[SAVE] E:\python_projects\nano_SLMs\runs\diac\pilot128\checkpoint-16600
step 16700 loss 0.0331 val_loss 0.1791 val_acc 0.9544 elapsed 4096s
step 16800 loss 0.0380 val_loss 0.1791 val_acc 0.9538 elapsed 4121s
[SAVE] E:\python_projects\nano_SLMs\runs\diac\pilot128\checkpoint-16800
step 16900 loss 0.0488 val_loss 0.1775 val_acc 0.9531 elapsed 4147s
step 17000 loss 0.0304 val_loss 0.1802 val_acc 0.9534 elapsed 4172s
[SAVE] E:\python_projects\nano_SLMs\runs\diac\pilot128\checkpoint-17000
step 17100 loss 0.0457 val_loss 0.1823 val_acc 0.9531 elapsed 4197s
step 17200 loss 0.0200 val_loss 0.1807 val_acc 0.9532 elapsed 4222s
[SAVE] E:\python_projects\nano_SLMs\runs\diac\pilot128\checkpoint-17200
step 17300 loss 0.0373 val_loss 0.1807 val_acc 0.9540 elapsed 4248s
step 17400 loss 0.0360 val_loss 0.1824 val_acc 0.9538 elapsed 4273s
[SAVE] E:\python_projects\nano_SLMs\runs\diac\pilot128\checkpoint-17400
step 17500 loss 0.0409 val_loss 0.1825 val_acc 0.9534 elapsed 4298s
step 17600 loss 0.0341 val_loss 0.1826 val_acc 0.9538 elapsed 4323s
[SAVE] E:\python_projects\nano_SLMs\runs\diac\pilot128\checkpoint-17600
step 17700 loss 0.0214 val_loss 0.1851 val_acc 0.9536 elapsed 4349s
step 17800 loss 0.0329 val_loss 0.1841 val_acc 0.9536 elapsed 4374s
[SAVE] E:\python_projects\nano_SLMs\runs\diac\pilot128\checkpoint-17800
step 17900 loss 0.0406 val_loss 0.1844 val_acc 0.9536 elapsed 4399s
step 18000 loss 0.0280 val_loss 0.1838 val_acc 0.9540 elapsed 4424s
[SAVE] E:\python_projects\nano_SLMs\runs\diac\pilot128\checkpoint-18000
step 18100 loss 0.0274 val_loss 0.1863 val_acc 0.9539 elapsed 4449s
step 18200 loss 0.0494 val_loss 0.1850 val_acc 0.9537 elapsed 4474s
[SAVE] E:\python_projects\nano_SLMs\runs\diac\pilot128\checkpoint-18200
step 18300 loss 0.0332 val_loss 0.1846 val_acc 0.9535 elapsed 4500s
step 18400 loss 0.0262 val_loss 0.1863 val_acc 0.9539 elapsed 4525s
[SAVE] E:\python_projects\nano_SLMs\runs\diac\pilot128\checkpoint-18400
step 18500 loss 0.0391 val_loss 0.1856 val_acc 0.9541 elapsed 4550s
step 18600 loss 0.0403 val_loss 0.1819 val_acc 0.9543 elapsed 4575s
[SAVE] E:\python_projects\nano_SLMs\runs\diac\pilot128\checkpoint-18600
step 18700 loss 0.0458 val_loss 0.1849 val_acc 0.9536 elapsed 4600s
step 18800 loss 0.0190 val_loss 0.1870 val_acc 0.9540 elapsed 4625s
[SAVE] E:\python_projects\nano_SLMs\runs\diac\pilot128\checkpoint-18800
step 18900 loss 0.0280 val_loss 0.1847 val_acc 0.9538 elapsed 4650s
step 19000 loss 0.0281 val_loss 0.1877 val_acc 0.9544 elapsed 4674s
[SAVE] E:\python_projects\nano_SLMs\runs\diac\pilot128\checkpoint-19000
step 19100 loss 0.0231 val_loss 0.1867 val_acc 0.9540 elapsed 4699s
step 19200 loss 0.0380 val_loss 0.1829 val_acc 0.9540 elapsed 4724s
[SAVE] E:\python_projects\nano_SLMs\runs\diac\pilot128\checkpoint-19200
step 19300 loss 0.0380 val_loss 0.1851 val_acc 0.9541 elapsed 4749s
step 19400 loss 0.0204 val_loss 0.1861 val_acc 0.9544 elapsed 4774s
[SAVE] E:\python_projects\nano_SLMs\runs\diac\pilot128\checkpoint-19400
step 19500 loss 0.0383 val_loss 0.1870 val_acc 0.9543 elapsed 4799s
step 19600 loss 0.0282 val_loss 0.1884 val_acc 0.9545 elapsed 4824s
[SAVE] E:\python_projects\nano_SLMs\runs\diac\pilot128\checkpoint-19600
step 19700 loss 0.0263 val_loss 0.1874 val_acc 0.9543 elapsed 4849s
step 19800 loss 0.0285 val_loss 0.1874 val_acc 0.9539 elapsed 4874s
[SAVE] E:\python_projects\nano_SLMs\runs\diac\pilot128\checkpoint-19800
step 19900 loss 0.0534 val_loss 0.1870 val_acc 0.9539 elapsed 4900s
step 20000 loss 0.0290 val_loss 0.1915 val_acc 0.9543 elapsed 4925s
[SAVE] E:\python_projects\nano_SLMs\runs\diac\pilot128\checkpoint-20000
step 20100 loss 0.0230 val_loss 0.1881 val_acc 0.9544 elapsed 4950s
step 20200 loss 0.0209 val_loss 0.1872 val_acc 0.9545 elapsed 4975s
[SAVE] E:\python_projects\nano_SLMs\runs\diac\pilot128\checkpoint-20200
step 20300 loss 0.0327 val_loss 0.1862 val_acc 0.9543 elapsed 5000s
step 20400 loss 0.0328 val_loss 0.1904 val_acc 0.9546 elapsed 5024s
[SAVE] E:\python_projects\nano_SLMs\runs\diac\pilot128\checkpoint-20400
step 20500 loss 0.0146 val_loss 0.1864 val_acc 0.9538 elapsed 5049s
step 20600 loss 0.0242 val_loss 0.1881 val_acc 0.9540 elapsed 5074s
[SAVE] E:\python_projects\nano_SLMs\runs\diac\pilot128\checkpoint-20600
step 20700 loss 0.0338 val_loss 0.1899 val_acc 0.9538 elapsed 5099s
step 20800 loss 0.0330 val_loss 0.1912 val_acc 0.9543 elapsed 5124s
[SAVE] E:\python_projects\nano_SLMs\runs\diac\pilot128\checkpoint-20800
step 20900 loss 0.0355 val_loss 0.1917 val_acc 0.9540 elapsed 5149s
step 21000 loss 0.0446 val_loss 0.1897 val_acc 0.9540 elapsed 5174s
[SAVE] E:\python_projects\nano_SLMs\runs\diac\pilot128\checkpoint-21000
step 21100 loss 0.0247 val_loss 0.1929 val_acc 0.9538 elapsed 5199s
step 21200 loss 0.0371 val_loss 0.1915 val_acc 0.9539 elapsed 5224s
[SAVE] E:\python_projects\nano_SLMs\runs\diac\pilot128\checkpoint-21200
step 21300 loss 0.0246 val_loss 0.1902 val_acc 0.9541 elapsed 5249s
step 21400 loss 0.0332 val_loss 0.1920 val_acc 0.9543 elapsed 5274s
[SAVE] E:\python_projects\nano_SLMs\runs\diac\pilot128\checkpoint-21400
step 21500 loss 0.0388 val_loss 0.1921 val_acc 0.9544 elapsed 5299s
step 21600 loss 0.0219 val_loss 0.1908 val_acc 0.9542 elapsed 5324s
[SAVE] E:\python_projects\nano_SLMs\runs\diac\pilot128\checkpoint-21600
step 21700 loss 0.0213 val_loss 0.1917 val_acc 0.9542 elapsed 5349s
step 21800 loss 0.0202 val_loss 0.1898 val_acc 0.9550 elapsed 5374s
[SAVE] E:\python_projects\nano_SLMs\runs\diac\pilot128\checkpoint-21800
step 21900 loss 0.0328 val_loss 0.1942 val_acc 0.9534 elapsed 5399s
step 22000 loss 0.0280 val_loss 0.1902 val_acc 0.9538 elapsed 5424s
[SAVE] E:\python_projects\nano_SLMs\runs\diac\pilot128\checkpoint-22000
step 22100 loss 0.0289 val_loss 0.1895 val_acc 0.9546 elapsed 5449s
step 22200 loss 0.0203 val_loss 0.1951 val_acc 0.9544 elapsed 5474s
[SAVE] E:\python_projects\nano_SLMs\runs\diac\pilot128\checkpoint-22200
step 22300 loss 0.0334 val_loss 0.1916 val_acc 0.9545 elapsed 5499s
step 22400 loss 0.0212 val_loss 0.1914 val_acc 0.9543 elapsed 5523s
[SAVE] E:\python_projects\nano_SLMs\runs\diac\pilot128\checkpoint-22400
step 22500 loss 0.0164 val_loss 0.1907 val_acc 0.9546 elapsed 5548s
step 22600 loss 0.0279 val_loss 0.1947 val_acc 0.9541 elapsed 5573s
[SAVE] E:\python_projects\nano_SLMs\runs\diac\pilot128\checkpoint-22600
step 22700 loss 0.0118 val_loss 0.1937 val_acc 0.9542 elapsed 5598s
step 22800 loss 0.0245 val_loss 0.1920 val_acc 0.9543 elapsed 5622s
[SAVE] E:\python_projects\nano_SLMs\runs\diac\pilot128\checkpoint-22800
step 22900 loss 0.0251 val_loss 0.1868 val_acc 0.9546 elapsed 5647s
step 23000 loss 0.0236 val_loss 0.1896 val_acc 0.9539 elapsed 5672s
[SAVE] E:\python_projects\nano_SLMs\runs\diac\pilot128\checkpoint-23000
step 23100 loss 0.0220 val_loss 0.1934 val_acc 0.9547 elapsed 5697s
step 23200 loss 0.0296 val_loss 0.1919 val_acc 0.9544 elapsed 5721s
[SAVE] E:\python_projects\nano_SLMs\runs\diac\pilot128\checkpoint-23200
step 23300 loss 0.0253 val_loss 0.1953 val_acc 0.9539 elapsed 5746s
step 23400 loss 0.0226 val_loss 0.1917 val_acc 0.9545 elapsed 5771s
[SAVE] E:\python_projects\nano_SLMs\runs\diac\pilot128\checkpoint-23400
step 23500 loss 0.0225 val_loss 0.1912 val_acc 0.9543 elapsed 5796s
step 23600 loss 0.0223 val_loss 0.1928 val_acc 0.9544 elapsed 5821s
[SAVE] E:\python_projects\nano_SLMs\runs\diac\pilot128\checkpoint-23600
step 23700 loss 0.0199 val_loss 0.1961 val_acc 0.9549 elapsed 5846s
step 23800 loss 0.0376 val_loss 0.1914 val_acc 0.9542 elapsed 5871s
[SAVE] E:\python_projects\nano_SLMs\runs\diac\pilot128\checkpoint-23800
step 23900 loss 0.0234 val_loss 0.1940 val_acc 0.9547 elapsed 5896s
step 24000 loss 0.0195 val_loss 0.1922 val_acc 0.9544 elapsed 5921s
[SAVE] E:\python_projects\nano_SLMs\runs\diac\pilot128\checkpoint-24000
step 24100 loss 0.0416 val_loss 0.1938 val_acc 0.9553 elapsed 5946s
step 24200 loss 0.0311 val_loss 0.1932 val_acc 0.9550 elapsed 5971s
[SAVE] E:\python_projects\nano_SLMs\runs\diac\pilot128\checkpoint-24200
step 24300 loss 0.0227 val_loss 0.1925 val_acc 0.9547 elapsed 5996s
step 24400 loss 0.0174 val_loss 0.1925 val_acc 0.9548 elapsed 6020s
[SAVE] E:\python_projects\nano_SLMs\runs\diac\pilot128\checkpoint-24400
step 24500 loss 0.0202 val_loss 0.1940 val_acc 0.9542 elapsed 6046s
step 24600 loss 0.0262 val_loss 0.1932 val_acc 0.9548 elapsed 6070s
[SAVE] E:\python_projects\nano_SLMs\runs\diac\pilot128\checkpoint-24600
step 24700 loss 0.0351 val_loss 0.2001 val_acc 0.9540 elapsed 6096s
step 24800 loss 0.0300 val_loss 0.1955 val_acc 0.9547 elapsed 6120s
[SAVE] E:\python_projects\nano_SLMs\runs\diac\pilot128\checkpoint-24800
step 24900 loss 0.0217 val_loss 0.1969 val_acc 0.9544 elapsed 6146s
step 25000 loss 0.0219 val_loss 0.1927 val_acc 0.9548 elapsed 6171s
[SAVE] E:\python_projects\nano_SLMs\runs\diac\pilot128\checkpoint-25000
step 25100 loss 0.0271 val_loss 0.1949 val_acc 0.9550 elapsed 6196s
step 25200 loss 0.0217 val_loss 0.1941 val_acc 0.9551 elapsed 6221s
[SAVE] E:\python_projects\nano_SLMs\runs\diac\pilot128\checkpoint-25200
step 25300 loss 0.0292 val_loss 0.1968 val_acc 0.9546 elapsed 6246s
