{'phase': 'smoke', 'device': 'cuda', 'params': 2200128, 'train_windows': 51280, 'val_windows': 8060}
[START] fresh (zero flags, checkpoint rotates every save_every)
step 50 loss 1.2348 val_loss 1.3049 val_acc 0.5153 elapsed 16s
E:\python_projects\nano_SLMs\diacritizer\scripts\train.py:128: UserWarning: Converting a tensor with requires_grad=True to a scalar may lead to unexpected behavior.
Consider using tensor.detach() first. (Triggered internally at C:\actions-runner\_work\pytorch\pytorch\torch\csrc\autograd\generated\python_variable_methods.cpp:821.)
  print(f"step {step} loss {float(loss_sum):.4f} val_loss {vl:.4f} "
step 100 loss 1.2863 val_loss 1.2986 val_acc 0.5171 elapsed 32s
step 150 loss 1.3201 val_loss 1.2926 val_acc 0.5183 elapsed 48s
step 200 loss 1.2041 val_loss 1.1830 val_acc 0.5748 elapsed 64s
[SAVE] E:\python_projects\nano_SLMs\runs\diac\smoke\checkpoint-200
step 250 loss 1.0992 val_loss 1.0977 val_acc 0.6090 elapsed 80s
step 300 loss 1.0401 val_loss 0.9999 val_acc 0.6492 elapsed 97s
step 350 loss 0.9209 val_loss 0.8973 val_acc 0.6915 elapsed 114s
step 400 loss 0.7896 val_loss 0.8171 val_acc 0.7187 elapsed 130s
[SAVE] E:\python_projects\nano_SLMs\runs\diac\smoke\checkpoint-400
step 450 loss 0.7568 val_loss 0.7620 val_acc 0.7375 elapsed 147s
step 500 loss 0.6969 val_loss 0.7164 val_acc 0.7519 elapsed 165s
step 550 loss 0.6662 val_loss 0.6778 val_acc 0.7632 elapsed 182s
step 600 loss 0.6287 val_loss 0.6410 val_acc 0.7787 elapsed 200s
[SAVE] E:\python_projects\nano_SLMs\runs\diac\smoke\checkpoint-600
step 650 loss 0.5878 val_loss 0.6184 val_acc 0.7863 elapsed 219s
step 700 loss 0.5892 val_loss 0.5913 val_acc 0.7945 elapsed 237s
step 750 loss 0.6002 val_loss 0.5704 val_acc 0.8022 elapsed 256s
step 800 loss 0.5460 val_loss 0.5528 val_acc 0.8096 elapsed 274s
[SAVE] E:\python_projects\nano_SLMs\runs\diac\smoke\checkpoint-800
step 850 loss 0.5783 val_loss 0.5375 val_acc 0.8143 elapsed 293s
step 900 loss 0.5705 val_loss 0.5181 val_acc 0.8217 elapsed 312s
step 950 loss 0.5799 val_loss 0.5098 val_acc 0.8244 elapsed 330s
step 1000 loss 0.5037 val_loss 0.4953 val_acc 0.8297 elapsed 349s
[SAVE] E:\python_projects\nano_SLMs\runs\diac\smoke\checkpoint-1000
step 1050 loss 0.4934 val_loss 0.4801 val_acc 0.8353 elapsed 368s
step 1100 loss 0.4092 val_loss 0.4681 val_acc 0.8394 elapsed 387s
step 1150 loss 0.4864 val_loss 0.4619 val_acc 0.8420 elapsed 406s
step 1200 loss 0.4458 val_loss 0.4495 val_acc 0.8464 elapsed 425s
[SAVE] E:\python_projects\nano_SLMs\runs\diac\smoke\checkpoint-1200
step 1250 loss 0.4471 val_loss 0.4379 val_acc 0.8498 elapsed 444s
step 1300 loss 0.4165 val_loss 0.4299 val_acc 0.8534 elapsed 462s
step 1350 loss 0.3916 val_loss 0.4223 val_acc 0.8557 elapsed 482s
step 1400 loss 0.4031 val_loss 0.4120 val_acc 0.8596 elapsed 501s
[SAVE] E:\python_projects\nano_SLMs\runs\diac\smoke\checkpoint-1400
step 1450 loss 0.4208 val_loss 0.4096 val_acc 0.8606 elapsed 520s
step 1500 loss 0.4626 val_loss 0.4033 val_acc 0.8627 elapsed 539s
step 1550 loss 0.3813 val_loss 0.3948 val_acc 0.8656 elapsed 559s
step 1600 loss 0.3886 val_loss 0.3937 val_acc 0.8654 elapsed 578s
[SAVE] E:\python_projects\nano_SLMs\runs\diac\smoke\checkpoint-1600
step 1650 loss 0.3838 val_loss 0.3881 val_acc 0.8684 elapsed 597s
step 1700 loss 0.3534 val_loss 0.3795 val_acc 0.8713 elapsed 617s
step 1750 loss 0.3494 val_loss 0.3767 val_acc 0.8716 elapsed 636s
step 1800 loss 0.3325 val_loss 0.3705 val_acc 0.8739 elapsed 655s
[SAVE] E:\python_projects\nano_SLMs\runs\diac\smoke\checkpoint-1800
step 1850 loss 0.3319 val_loss 0.3645 val_acc 0.8762 elapsed 675s
step 1900 loss 0.3787 val_loss 0.3615 val_acc 0.8778 elapsed 694s
step 1950 loss 0.3562 val_loss 0.3563 val_acc 0.8791 elapsed 713s
step 2000 loss 0.3593 val_loss 0.3505 val_acc 0.8817 elapsed 733s
[SAVE] E:\python_projects\nano_SLMs\runs\diac\smoke\checkpoint-2000
{'done': 2000, 'final': 'E:\\python_projects\\nano_SLMs\\runs\\diac\\smoke\\final'}
